2025-09-02 16:17:42,476 - __main__ - INFO - winloop 已启用
2025-09-02 16:17:42,498 - src.config.config_manager - INFO - 已加载用户配置文件: config\config.json
2025-09-02 16:17:42,627 - __main__ - ERROR - 程序运行出错: CtrlPanelForm.__init__() missing 1 required positional argument: 'device_reg_set_func'
2025-09-02 16:19:26,707 - __main__ - INFO - winloop 已启用
2025-09-02 16:19:26,729 - src.config.config_manager - INFO - 已加载用户配置文件: config\config.json
2025-09-02 16:19:27,330 - src.ui.scope_view - INFO - ScopeWidget 设置采样频率为：15000.00Hz
2025-09-02 16:19:27,373 - src.ui.scope_view - INFO - 示波器视图已初始化: 10通道, 采样率: 15000.0Hz
2025-09-02 16:19:27,374 - src.ui.scope_view - INFO - Auto roll set to False, time_offset reset to 0.0
2025-09-02 16:19:27,396 - src.data.data_buffer - INFO - 环形缓冲区已初始化: 10通道, 最大样本数: 26,843,545, 内存使用: 1024.0MB
2025-09-02 16:19:27,398 - src.window.oscilloscope_frame - INFO - 主窗口初始化完成
2025-09-02 16:19:27,799 - __main__ - INFO - 应用程序启动完成
2025-09-02 16:19:45,925 - src.config.config_manager - INFO - 配置文件已保存: config\config.json
2025-09-02 16:19:45,925 - src.window.oscilloscope_frame - INFO - 应用程序正常退出
2025-09-02 16:21:10,592 - __main__ - INFO - winloop 已启用
2025-09-02 16:21:10,615 - src.config.config_manager - INFO - 已加载用户配置文件: config\config.json
2025-09-02 16:21:11,207 - src.ui.scope_view - INFO - ScopeWidget 设置采样频率为：15000.00Hz
2025-09-02 16:21:11,226 - src.ui.scope_view - INFO - 示波器视图已初始化: 10通道, 采样率: 15000.0Hz
2025-09-02 16:21:11,226 - src.ui.scope_view - INFO - Auto roll set to False, time_offset reset to 0.0
2025-09-02 16:21:11,246 - src.data.data_buffer - INFO - 环形缓冲区已初始化: 10通道, 最大样本数: 26,843,545, 内存使用: 1024.0MB
2025-09-02 16:21:11,247 - src.window.oscilloscope_frame - INFO - 主窗口初始化完成
2025-09-02 16:21:11,662 - __main__ - INFO - 应用程序启动完成
2025-09-02 16:21:23,705 - src.config.config_manager - INFO - 配置文件已保存: config\config.json
2025-09-02 16:21:23,706 - src.window.oscilloscope_frame - INFO - 应用程序正常退出
2025-09-02 16:21:48,667 - __main__ - INFO - winloop 已启用
2025-09-02 16:21:48,689 - src.config.config_manager - INFO - 已加载用户配置文件: config\config.json
2025-09-02 16:21:49,249 - src.ui.scope_view - INFO - ScopeWidget 设置采样频率为：15000.00Hz
2025-09-02 16:21:49,270 - src.ui.scope_view - INFO - 示波器视图已初始化: 10通道, 采样率: 15000.0Hz
2025-09-02 16:21:49,271 - src.ui.scope_view - INFO - Auto roll set to False, time_offset reset to 0.0
2025-09-02 16:21:49,295 - src.data.data_buffer - INFO - 环形缓冲区已初始化: 10通道, 最大样本数: 26,843,545, 内存使用: 1024.0MB
2025-09-02 16:21:49,297 - src.window.oscilloscope_frame - INFO - 主窗口初始化完成
2025-09-02 16:21:49,705 - __main__ - INFO - 应用程序启动完成
2025-09-02 16:21:58,685 - src.config.config_manager - INFO - 配置文件已保存: config\config.json
2025-09-02 16:21:58,685 - src.window.oscilloscope_frame - INFO - 应用程序正常退出
2025-09-02 16:22:09,202 - __main__ - INFO - winloop 已启用
2025-09-02 16:22:09,223 - src.config.config_manager - INFO - 已加载用户配置文件: config\config.json
2025-09-02 16:22:09,796 - src.ui.scope_view - INFO - ScopeWidget 设置采样频率为：15000.00Hz
2025-09-02 16:22:09,810 - src.ui.scope_view - INFO - 示波器视图已初始化: 10通道, 采样率: 15000.0Hz
2025-09-02 16:22:09,811 - src.ui.scope_view - INFO - Auto roll set to False, time_offset reset to 0.0
2025-09-02 16:22:09,836 - src.data.data_buffer - INFO - 环形缓冲区已初始化: 10通道, 最大样本数: 26,843,545, 内存使用: 1024.0MB
2025-09-02 16:22:09,838 - src.window.oscilloscope_frame - INFO - 主窗口初始化完成
2025-09-02 16:22:10,235 - __main__ - INFO - 应用程序启动完成
2025-09-02 16:22:13,059 - src.config.config_manager - INFO - 配置文件已保存: config\config.json
2025-09-02 16:22:13,060 - src.window.oscilloscope_frame - INFO - 应用程序正常退出
2025-09-02 16:23:17,833 - __main__ - INFO - winloop 已启用
2025-09-02 16:23:17,855 - src.config.config_manager - INFO - 已加载用户配置文件: config\config.json
2025-09-02 16:23:18,434 - src.ui.scope_view - INFO - ScopeWidget 设置采样频率为：15000.00Hz
2025-09-02 16:23:18,453 - src.ui.scope_view - INFO - 示波器视图已初始化: 10通道, 采样率: 15000.0Hz
2025-09-02 16:23:18,453 - src.ui.scope_view - INFO - Auto roll set to False, time_offset reset to 0.0
2025-09-02 16:23:18,476 - src.data.data_buffer - INFO - 环形缓冲区已初始化: 10通道, 最大样本数: 26,843,545, 内存使用: 1024.0MB
2025-09-02 16:23:18,478 - src.window.oscilloscope_frame - INFO - 主窗口初始化完成
2025-09-02 16:23:18,873 - __main__ - INFO - 应用程序启动完成
2025-09-02 16:23:28,620 - src.config.config_manager - INFO - 配置文件已保存: config\config.json
2025-09-02 16:23:28,620 - src.window.oscilloscope_frame - INFO - 应用程序正常退出
2025-09-02 16:24:24,618 - __main__ - INFO - winloop 已启用
2025-09-02 16:24:24,641 - src.config.config_manager - INFO - 已加载用户配置文件: config\config.json
2025-09-02 16:24:25,182 - src.ui.scope_view - INFO - ScopeWidget 设置采样频率为：15000.00Hz
2025-09-02 16:24:25,197 - src.ui.scope_view - INFO - 示波器视图已初始化: 10通道, 采样率: 15000.0Hz
2025-09-02 16:24:25,198 - src.ui.scope_view - INFO - Auto roll set to False, time_offset reset to 0.0
2025-09-02 16:24:25,221 - src.data.data_buffer - INFO - 环形缓冲区已初始化: 10通道, 最大样本数: 26,843,545, 内存使用: 1024.0MB
2025-09-02 16:24:25,222 - src.window.oscilloscope_frame - INFO - 主窗口初始化完成
2025-09-02 16:24:25,645 - __main__ - INFO - 应用程序启动完成
2025-09-02 16:24:30,481 - src.config.config_manager - INFO - 配置文件已保存: config\config.json
2025-09-02 16:24:30,482 - src.window.oscilloscope_frame - INFO - 应用程序正常退出
2025-09-02 16:44:09,802 - __main__ - INFO - winloop 已启用
2025-09-02 16:44:09,826 - src.config.config_manager - INFO - 已加载用户配置文件: config\config.json
2025-09-02 16:44:10,403 - src.ui.scope_view - INFO - ScopeWidget 设置采样频率为：15000.00Hz
2025-09-02 16:44:10,419 - src.ui.scope_view - INFO - 示波器视图已初始化: 10通道, 采样率: 15000.0Hz
2025-09-02 16:44:10,419 - src.ui.scope_view - INFO - Auto roll set to False, time_offset reset to 0.0
2025-09-02 16:44:10,439 - src.data.data_buffer - INFO - 环形缓冲区已初始化: 10通道, 最大样本数: 26,843,545, 内存使用: 1024.0MB
2025-09-02 16:44:10,440 - src.window.oscilloscope_frame - INFO - 主窗口初始化完成
2025-09-02 16:44:10,452 - __main__ - ERROR - 程序运行出错: SysREGsUpData.__init__() missing 1 required positional argument: 'packet_type'
2025-09-02 16:44:27,451 - __main__ - INFO - winloop 已启用
2025-09-02 16:44:27,472 - src.config.config_manager - INFO - 已加载用户配置文件: config\config.json
2025-09-02 16:44:28,076 - src.ui.scope_view - INFO - ScopeWidget 设置采样频率为：15000.00Hz
2025-09-02 16:44:28,091 - src.ui.scope_view - INFO - 示波器视图已初始化: 10通道, 采样率: 15000.0Hz
2025-09-02 16:44:28,091 - src.ui.scope_view - INFO - Auto roll set to False, time_offset reset to 0.0
2025-09-02 16:44:28,109 - src.data.data_buffer - INFO - 环形缓冲区已初始化: 10通道, 最大样本数: 26,843,545, 内存使用: 1024.0MB
2025-09-02 16:44:28,110 - src.window.oscilloscope_frame - INFO - 主窗口初始化完成
2025-09-02 16:44:28,119 - __main__ - ERROR - 程序运行出错: asyncSlot.<locals>.outer_decorator() takes 1 positional argument but 2 were given
2025-09-02 16:47:44,477 - __main__ - INFO - winloop 已启用
2025-09-02 16:47:44,502 - src.config.config_manager - INFO - 已加载用户配置文件: config\config.json
2025-09-02 16:47:45,047 - src.ui.scope_view - INFO - ScopeWidget 设置采样频率为：15000.00Hz
2025-09-02 16:47:45,067 - src.ui.scope_view - INFO - 示波器视图已初始化: 10通道, 采样率: 15000.0Hz
2025-09-02 16:47:45,068 - src.ui.scope_view - INFO - Auto roll set to False, time_offset reset to 0.0
2025-09-02 16:47:45,090 - src.data.data_buffer - INFO - 环形缓冲区已初始化: 10通道, 最大样本数: 26,843,545, 内存使用: 1024.0MB
2025-09-02 16:47:45,091 - src.window.oscilloscope_frame - INFO - 主窗口初始化完成
2025-09-02 16:47:45,505 - __main__ - INFO - 应用程序启动完成
2025-09-02 16:47:56,640 - src.config.config_manager - INFO - 配置文件已保存: config\config.json
2025-09-02 16:47:56,641 - src.window.oscilloscope_frame - INFO - 应用程序正常退出
2025-09-02 17:35:58,222 - __main__ - INFO - winloop 已启用
2025-09-02 17:35:58,239 - src.config.config_manager - INFO - 已加载用户配置文件: config\config.json
2025-09-02 17:35:58,686 - src.ui.scope_view - INFO - ScopeWidget 设置采样频率为：15000.00Hz
2025-09-02 17:35:58,702 - src.ui.scope_view - INFO - 示波器视图已初始化: 10通道, 采样率: 15000.0Hz
2025-09-02 17:35:58,703 - src.ui.scope_view - INFO - Auto roll set to False, time_offset reset to 0.0
2025-09-02 17:35:58,716 - src.data.data_buffer - INFO - 环形缓冲区已初始化: 10通道, 最大样本数: 26,843,545, 内存使用: 1024.0MB
2025-09-02 17:35:58,717 - src.window.oscilloscope_frame - INFO - 主窗口初始化完成
2025-09-02 17:35:58,729 - __main__ - ERROR - 程序运行出错: 'ascii' codec can't encode characters in position 0-4: ordinal not in range(128)
2025-09-02 17:36:31,544 - __main__ - INFO - winloop 已启用
2025-09-02 17:36:31,563 - src.config.config_manager - INFO - 已加载用户配置文件: config\config.json
2025-09-02 17:36:32,012 - src.ui.scope_view - INFO - ScopeWidget 设置采样频率为：15000.00Hz
2025-09-02 17:36:32,031 - src.ui.scope_view - INFO - 示波器视图已初始化: 10通道, 采样率: 15000.0Hz
2025-09-02 17:36:32,032 - src.ui.scope_view - INFO - Auto roll set to False, time_offset reset to 0.0
2025-09-02 17:36:32,051 - src.data.data_buffer - INFO - 环形缓冲区已初始化: 10通道, 最大样本数: 26,843,545, 内存使用: 1024.0MB
2025-09-02 17:36:32,051 - src.window.oscilloscope_frame - INFO - 主窗口初始化完成
2025-09-02 17:36:32,068 - __main__ - ERROR - 程序运行出错: 'ascii' codec can't encode characters in position 0-4: ordinal not in range(128)
2025-09-02 17:37:15,025 - __main__ - INFO - winloop 已启用
2025-09-02 17:37:15,044 - src.config.config_manager - INFO - 已加载用户配置文件: config\config.json
2025-09-02 17:37:15,483 - src.ui.scope_view - INFO - ScopeWidget 设置采样频率为：15000.00Hz
2025-09-02 17:37:15,495 - src.ui.scope_view - INFO - 示波器视图已初始化: 10通道, 采样率: 15000.0Hz
2025-09-02 17:37:15,496 - src.ui.scope_view - INFO - Auto roll set to False, time_offset reset to 0.0
2025-09-02 17:37:15,514 - src.data.data_buffer - INFO - 环形缓冲区已初始化: 10通道, 最大样本数: 26,843,545, 内存使用: 1024.0MB
2025-09-02 17:37:15,515 - src.window.oscilloscope_frame - INFO - 主窗口初始化完成
2025-09-02 17:37:15,527 - __main__ - ERROR - 程序运行出错: 'ascii' codec can't encode characters in position 0-4: ordinal not in range(128)
2025-09-02 17:37:24,030 - __main__ - INFO - winloop 已启用
2025-09-02 17:37:24,048 - src.config.config_manager - INFO - 已加载用户配置文件: config\config.json
2025-09-02 17:37:24,484 - src.ui.scope_view - INFO - ScopeWidget 设置采样频率为：15000.00Hz
2025-09-02 17:37:24,501 - src.ui.scope_view - INFO - 示波器视图已初始化: 10通道, 采样率: 15000.0Hz
2025-09-02 17:37:24,502 - src.ui.scope_view - INFO - Auto roll set to False, time_offset reset to 0.0
2025-09-02 17:37:24,521 - src.data.data_buffer - INFO - 环形缓冲区已初始化: 10通道, 最大样本数: 26,843,545, 内存使用: 1024.0MB
2025-09-02 17:37:24,522 - src.window.oscilloscope_frame - INFO - 主窗口初始化完成
2025-09-02 17:37:24,537 - __main__ - ERROR - 程序运行出错: 'ascii' codec can't encode characters in position 0-4: ordinal not in range(128)
2025-09-02 17:38:48,000 - __main__ - INFO - winloop 已启用
2025-09-02 17:38:48,016 - src.config.config_manager - INFO - 已加载用户配置文件: config\config.json
2025-09-02 17:38:48,470 - src.ui.scope_view - INFO - ScopeWidget 设置采样频率为：15000.00Hz
2025-09-02 17:38:48,490 - src.ui.scope_view - INFO - 示波器视图已初始化: 10通道, 采样率: 15000.0Hz
2025-09-02 17:38:48,490 - src.ui.scope_view - INFO - Auto roll set to False, time_offset reset to 0.0
2025-09-02 17:38:48,509 - src.data.data_buffer - INFO - 环形缓冲区已初始化: 10通道, 最大样本数: 26,843,545, 内存使用: 1024.0MB
2025-09-02 17:38:48,510 - src.window.oscilloscope_frame - INFO - 主窗口初始化完成
2025-09-02 17:39:22,158 - __main__ - INFO - winloop 已启用
2025-09-02 17:39:22,175 - src.config.config_manager - INFO - 已加载用户配置文件: config\config.json
2025-09-02 17:39:22,610 - src.ui.scope_view - INFO - ScopeWidget 设置采样频率为：15000.00Hz
2025-09-02 17:39:22,625 - src.ui.scope_view - INFO - 示波器视图已初始化: 10通道, 采样率: 15000.0Hz
2025-09-02 17:39:22,625 - src.ui.scope_view - INFO - Auto roll set to False, time_offset reset to 0.0
2025-09-02 17:39:22,642 - src.data.data_buffer - INFO - 环形缓冲区已初始化: 10通道, 最大样本数: 26,843,545, 内存使用: 1024.0MB
2025-09-02 17:39:22,642 - src.window.oscilloscope_frame - INFO - 主窗口初始化完成
2025-09-02 17:39:43,837 - __main__ - INFO - winloop 已启用
2025-09-02 17:39:43,860 - src.config.config_manager - INFO - 已加载用户配置文件: config\config.json
2025-09-02 17:39:44,297 - src.ui.scope_view - INFO - ScopeWidget 设置采样频率为：15000.00Hz
2025-09-02 17:39:44,312 - src.ui.scope_view - INFO - 示波器视图已初始化: 10通道, 采样率: 15000.0Hz
2025-09-02 17:39:44,313 - src.ui.scope_view - INFO - Auto roll set to False, time_offset reset to 0.0
2025-09-02 17:39:44,327 - src.data.data_buffer - INFO - 环形缓冲区已初始化: 10通道, 最大样本数: 26,843,545, 内存使用: 1024.0MB
2025-09-02 17:39:44,328 - src.window.oscilloscope_frame - INFO - 主窗口初始化完成
2025-09-02 17:39:44,645 - __main__ - INFO - 应用程序启动完成
2025-09-02 17:39:59,800 - src.config.config_manager - INFO - 配置文件已保存: config\config.json
2025-09-02 17:39:59,800 - src.window.oscilloscope_frame - INFO - 应用程序正常退出
