2025-08-17 19:19:54,420 - __main__ - INFO - 已启用winloop加速
2025-08-17 19:19:54,435 - config.config_manager - INFO - 已加载用户配置文件: config.json
2025-08-17 19:19:54,773 - __main__ - ERROR - 应用程序启动失败: 'PlotItem' object has no attribute 'setBackground'
2025-08-17 19:19:54,774 - __main__ - ERROR - 程序运行出错: 'PlotItem' object has no attribute 'setBackground'
2025-08-17 19:20:21,048 - __main__ - INFO - 已启用winloop加速
2025-08-17 19:20:21,064 - config.config_manager - INFO - 已加载用户配置文件: config.json
2025-08-17 19:20:21,410 - __main__ - ERROR - 应用程序启动失败: 'PlotItem' object has no attribute 'setBackground'
2025-08-17 19:20:21,411 - __main__ - ERROR - 程序运行出错: 'PlotItem' object has no attribute 'setBackground'
2025-08-17 19:21:04,189 - __main__ - INFO - 已启用winloop加速
2025-08-17 19:21:04,202 - config.config_manager - INFO - 已加载用户配置文件: config.json
2025-08-17 19:21:04,543 - ui.scope_view - INFO - 示波器视图已初始化: 10通道
2025-08-17 19:21:04,557 - __main__ - ERROR - 应用程序启动失败: wrapped C/C++ object of type QCommandLinkButton has been deleted
2025-08-17 19:21:04,558 - __main__ - ERROR - 程序运行出错: wrapped C/C++ object of type QCommandLinkButton has been deleted
2025-08-17 19:31:24,212 - __main__ - INFO - 已启用winloop加速
2025-08-17 19:31:24,228 - config.config_manager - INFO - 已加载用户配置文件: config.json
2025-08-17 19:31:24,567 - ui.scope_view - INFO - 示波器视图已初始化: 10通道
2025-08-17 19:31:24,582 - __main__ - ERROR - 应用程序启动失败: wrapped C/C++ object of type QCommandLinkButton has been deleted
2025-08-17 19:31:24,583 - __main__ - ERROR - 程序运行出错: wrapped C/C++ object of type QCommandLinkButton has been deleted
2025-08-17 19:32:30,353 - __main__ - INFO - 已启用winloop加速
2025-08-17 19:32:30,371 - config.config_manager - INFO - 已加载用户配置文件: config.json
2025-08-17 19:32:40,163 - ui.scope_view - INFO - 示波器视图已初始化: 10通道
2025-08-17 19:32:49,250 - __main__ - INFO - 已启用winloop加速
2025-08-17 19:32:49,268 - config.config_manager - INFO - 已加载用户配置文件: config.json
2025-08-17 19:32:52,263 - ui.scope_view - INFO - 示波器视图已初始化: 10通道
2025-08-17 19:32:57,333 - __main__ - INFO - 已启用winloop加速
2025-08-17 19:32:57,350 - config.config_manager - INFO - 已加载用户配置文件: config.json
2025-08-17 19:33:03,772 - ui.scope_view - INFO - 示波器视图已初始化: 10通道
2025-08-17 19:35:30,956 - __main__ - INFO - 已启用winloop加速
2025-08-17 19:35:30,975 - config.config_manager - INFO - 已加载用户配置文件: config.json
2025-08-17 19:35:32,552 - ui.scope_view - INFO - 示波器视图已初始化: 10通道
2025-08-17 19:36:08,301 - __main__ - INFO - 已启用winloop加速
2025-08-17 19:36:08,322 - config.config_manager - INFO - 已加载用户配置文件: config.json
2025-08-17 19:36:10,025 - ui.scope_view - INFO - 示波器视图已初始化: 10通道
2025-08-17 19:37:07,163 - __main__ - INFO - 已启用winloop加速
2025-08-17 19:37:07,183 - config.config_manager - INFO - 已加载用户配置文件: config.json
2025-08-17 19:37:18,435 - ui.scope_view - INFO - 示波器视图已初始化: 10通道
2025-08-17 19:37:19,575 - __main__ - ERROR - 应用程序启动失败: wrapped C/C++ object of type QCommandLinkButton has been deleted
2025-08-17 19:37:19,579 - __main__ - ERROR - 程序运行出错: wrapped C/C++ object of type QCommandLinkButton has been deleted
2025-08-17 19:37:26,899 - __main__ - INFO - 已启用winloop加速
2025-08-17 19:37:26,918 - config.config_manager - INFO - 已加载用户配置文件: config.json
2025-08-17 19:37:37,433 - ui.scope_view - INFO - 示波器视图已初始化: 10通道
2025-08-17 19:37:51,622 - __main__ - ERROR - 应用程序启动失败: wrapped C/C++ object of type QCommandLinkButton has been deleted
2025-08-17 19:37:51,627 - __main__ - ERROR - 程序运行出错: wrapped C/C++ object of type QCommandLinkButton has been deleted
2025-08-17 19:37:54,804 - __main__ - INFO - 已启用winloop加速
2025-08-17 19:37:54,825 - config.config_manager - INFO - 已加载用户配置文件: config.json
2025-08-17 19:38:00,466 - ui.scope_view - INFO - 示波器视图已初始化: 10通道
2025-08-17 19:38:32,069 - __main__ - ERROR - 应用程序启动失败: wrapped C/C++ object of type QCommandLinkButton has been deleted
2025-08-17 19:38:59,273 - __main__ - ERROR - 程序运行出错: wrapped C/C++ object of type QCommandLinkButton has been deleted
2025-08-17 19:39:41,435 - __main__ - INFO - 已启用winloop加速
2025-08-17 19:39:41,457 - config.config_manager - INFO - 已加载用户配置文件: config.json
2025-08-17 19:39:50,657 - ui.scope_view - INFO - 示波器视图已初始化: 10通道
2025-08-17 19:39:58,563 - __main__ - ERROR - 应用程序启动失败: wrapped C/C++ object of type QPushButton has been deleted
2025-08-17 19:40:20,332 - __main__ - INFO - 已启用winloop加速
2025-08-17 19:40:20,351 - config.config_manager - INFO - 已加载用户配置文件: config.json
2025-08-17 19:40:22,511 - ui.scope_view - INFO - 示波器视图已初始化: 10通道
2025-08-17 19:40:23,029 - __main__ - ERROR - 应用程序启动失败: wrapped C/C++ object of type QPushButton has been deleted
2025-08-17 19:40:23,031 - __main__ - ERROR - 程序运行出错: wrapped C/C++ object of type QPushButton has been deleted
2025-08-17 19:42:02,584 - __main__ - INFO - 已启用winloop加速
2025-08-17 19:42:02,603 - config.config_manager - INFO - 已加载用户配置文件: config.json
2025-08-17 19:42:06,903 - ui.scope_view - INFO - 示波器视图已初始化: 10通道
2025-08-17 19:42:12,332 - __main__ - ERROR - 应用程序启动失败: wrapped C/C++ object of type QPushButton has been deleted
2025-08-17 19:42:12,335 - __main__ - ERROR - 程序运行出错: wrapped C/C++ object of type QPushButton has been deleted
2025-08-17 19:42:16,841 - __main__ - INFO - 已启用winloop加速
2025-08-17 19:42:16,862 - config.config_manager - INFO - 已加载用户配置文件: config.json
2025-08-17 19:42:47,703 - ui.scope_view - INFO - 示波器视图已初始化: 10通道
2025-08-17 19:43:14,756 - __main__ - ERROR - 应用程序启动失败: wrapped C/C++ object of type QPushButton has been deleted
2025-08-17 19:43:14,761 - __main__ - ERROR - 程序运行出错: wrapped C/C++ object of type QPushButton has been deleted
2025-08-17 19:45:50,763 - __main__ - INFO - 已启用winloop加速
2025-08-17 19:45:50,784 - config.config_manager - INFO - 已加载用户配置文件: config.json
2025-08-17 19:45:51,796 - ui.scope_view - INFO - 示波器视图已初始化: 10通道
2025-08-17 19:45:53,387 - data.data_buffer - INFO - 环形缓冲区已初始化: 10通道, 最大样本数: 26,843,545, 内存使用: 1024.0MB
2025-08-17 19:45:53,389 - __main__ - ERROR - 应用程序启动失败: wrapped C/C++ object of type QPushButton has been deleted
2025-08-17 19:45:53,390 - __main__ - ERROR - 程序运行出错: wrapped C/C++ object of type QPushButton has been deleted
2025-08-17 19:46:04,644 - __main__ - INFO - 已启用winloop加速
2025-08-17 19:46:04,663 - config.config_manager - INFO - 已加载用户配置文件: config.json
2025-08-17 19:46:05,701 - ui.scope_view - INFO - 示波器视图已初始化: 10通道
2025-08-17 19:46:06,744 - data.data_buffer - INFO - 环形缓冲区已初始化: 10通道, 最大样本数: 26,843,545, 内存使用: 1024.0MB
2025-08-17 19:46:06,746 - __main__ - ERROR - 应用程序启动失败: wrapped C/C++ object of type QPushButton has been deleted
2025-08-17 19:46:06,747 - __main__ - ERROR - 程序运行出错: wrapped C/C++ object of type QPushButton has been deleted
2025-08-17 19:46:13,170 - __main__ - INFO - 已启用winloop加速
2025-08-17 19:46:13,189 - config.config_manager - INFO - 已加载用户配置文件: config.json
2025-08-17 19:46:14,057 - ui.scope_view - INFO - 示波器视图已初始化: 10通道
2025-08-17 19:46:40,736 - data.data_buffer - INFO - 环形缓冲区已初始化: 10通道, 最大样本数: 26,843,545, 内存使用: 1024.0MB
2025-08-17 19:46:54,025 - __main__ - ERROR - 应用程序启动失败: wrapped C/C++ object of type QPushButton has been deleted
2025-08-17 19:46:58,175 - __main__ - INFO - 已启用winloop加速
2025-08-17 19:46:58,198 - config.config_manager - INFO - 已加载用户配置文件: config.json
2025-08-17 19:47:01,292 - ui.scope_view - INFO - 示波器视图已初始化: 10通道
2025-08-17 19:47:20,788 - data.data_buffer - INFO - 环形缓冲区已初始化: 10通道, 最大样本数: 26,843,545, 内存使用: 1024.0MB
2025-08-17 19:47:39,125 - __main__ - ERROR - 应用程序启动失败: wrapped C/C++ object of type QPushButton has been deleted
2025-08-17 19:47:41,968 - __main__ - ERROR - 程序运行出错: wrapped C/C++ object of type QPushButton has been deleted
2025-08-17 21:55:32,057 - __main__ - INFO - 已启用winloop加速
2025-08-17 21:55:32,077 - config.config_manager - INFO - 已加载用户配置文件: config.json
2025-08-17 21:55:32,618 - __main__ - ERROR - 应用程序启动失败: 'MainWindow' object has no attribute 'setCentralWidget'
2025-08-17 21:55:32,619 - __main__ - ERROR - 程序运行出错: 'MainWindow' object has no attribute 'setCentralWidget'
2025-08-17 21:55:38,333 - __main__ - INFO - 已启用winloop加速
2025-08-17 21:55:38,352 - config.config_manager - INFO - 已加载用户配置文件: config.json
2025-08-17 21:55:38,657 - __main__ - ERROR - 应用程序启动失败: 'MainWindow' object has no attribute 'setCentralWidget'
2025-08-17 21:55:38,658 - __main__ - ERROR - 程序运行出错: 'MainWindow' object has no attribute 'setCentralWidget'
2025-08-17 21:57:08,349 - __main__ - INFO - 已启用winloop加速
2025-08-17 21:57:08,367 - config.config_manager - INFO - 已加载用户配置文件: config.json
2025-08-17 21:57:10,399 - ui.scope_view - INFO - 示波器视图已初始化: 10通道
2025-08-17 21:57:35,202 - __main__ - INFO - 已启用winloop加速
2025-08-17 21:57:35,220 - config.config_manager - INFO - 已加载用户配置文件: config.json
2025-08-17 21:57:37,124 - ui.scope_view - INFO - 示波器视图已初始化: 10通道
2025-08-17 21:57:41,761 - __main__ - ERROR - 应用程序启动失败: wrapped C/C++ object of type QPushButton has been deleted
2025-08-17 21:57:42,844 - __main__ - ERROR - 程序运行出错: wrapped C/C++ object of type QPushButton has been deleted
2025-08-17 21:59:01,251 - __main__ - INFO - 已启用winloop加速
2025-08-17 21:59:01,270 - config.config_manager - INFO - 已加载用户配置文件: config.json
2025-08-17 21:59:28,063 - ui.scope_view - INFO - 示波器视图已初始化: 10通道
2025-08-17 22:00:07,705 - __main__ - INFO - 已启用winloop加速
2025-08-17 22:00:10,091 - config.config_manager - INFO - 已加载用户配置文件: config.json
2025-08-17 22:00:15,368 - ui.scope_view - INFO - 示波器视图已初始化: 10通道
2025-08-17 22:02:07,556 - __main__ - ERROR - 应用程序启动失败: wrapped C/C++ object of type QPushButton has been deleted
2025-08-17 22:02:07,561 - __main__ - ERROR - 程序运行出错: wrapped C/C++ object of type QPushButton has been deleted
2025-08-17 22:04:53,652 - __main__ - INFO - 已启用winloop加速
2025-08-17 22:04:55,611 - config.config_manager - INFO - 已加载用户配置文件: config.json
2025-08-17 22:05:00,847 - ui.scope_view - INFO - 示波器视图已初始化: 10通道
2025-08-17 22:06:25,563 - __main__ - INFO - 已启用winloop加速
2025-08-17 22:06:25,581 - config.config_manager - INFO - 已加载用户配置文件: config.json
2025-08-17 22:06:25,910 - ui.scope_view - INFO - 示波器视图已初始化: 10通道
2025-08-17 22:06:35,105 - __main__ - INFO - 已启用winloop加速
2025-08-17 22:06:35,123 - config.config_manager - INFO - 已加载用户配置文件: config.json
2025-08-17 22:06:35,437 - ui.scope_view - INFO - 示波器视图已初始化: 10通道
2025-08-17 22:06:45,239 - __main__ - INFO - 已启用winloop加速
2025-08-17 22:06:45,257 - config.config_manager - INFO - 已加载用户配置文件: config.json
2025-08-17 22:06:45,594 - ui.scope_view - INFO - 示波器视图已初始化: 10通道
2025-08-17 22:06:49,395 - __main__ - ERROR - 应用程序启动失败: 'QGridLayout' object has no attribute 'addStretch'
2025-08-17 22:06:49,399 - __main__ - ERROR - 程序运行出错: 'QGridLayout' object has no attribute 'addStretch'
2025-08-17 22:07:01,342 - __main__ - INFO - 已启用winloop加速
2025-08-17 22:07:01,360 - config.config_manager - INFO - 已加载用户配置文件: config.json
2025-08-17 22:07:01,674 - ui.scope_view - INFO - 示波器视图已初始化: 10通道
2025-08-17 22:07:02,228 - __main__ - ERROR - 应用程序启动失败: 'QGridLayout' object has no attribute 'addStretch'
2025-08-17 22:07:02,229 - __main__ - ERROR - 程序运行出错: 'QGridLayout' object has no attribute 'addStretch'
2025-08-17 22:07:07,644 - __main__ - INFO - 已启用winloop加速
2025-08-17 22:07:07,662 - config.config_manager - INFO - 已加载用户配置文件: config.json
2025-08-17 22:07:07,970 - ui.scope_view - INFO - 示波器视图已初始化: 10通道
2025-08-17 22:07:31,411 - __main__ - ERROR - 应用程序启动失败: 'QGridLayout' object has no attribute 'addStretch'
2025-08-17 22:07:31,415 - __main__ - ERROR - 程序运行出错: 'QGridLayout' object has no attribute 'addStretch'
2025-08-17 22:07:51,891 - __main__ - INFO - 已启用winloop加速
2025-08-17 22:07:51,914 - config.config_manager - INFO - 已加载用户配置文件: config.json
2025-08-17 22:07:52,251 - ui.scope_view - INFO - 示波器视图已初始化: 10通道
2025-08-17 22:08:42,618 - data.data_buffer - INFO - 环形缓冲区已初始化: 10通道, 最大样本数: 26,843,545, 内存使用: 1024.0MB
2025-08-17 22:08:58,624 - __main__ - INFO - 主窗口初始化完成
2025-08-17 22:09:02,114 - communication.udp_receiver - INFO - UDP接收器已启动，监听 0.0.0.0:8888
2025-08-17 22:09:02,779 - __main__ - INFO - 应用程序启动完成
2025-08-17 22:09:43,312 - config.config_manager - INFO - 配置文件已保存: config.json
2025-08-17 22:09:43,312 - __main__ - INFO - 应用程序正常退出
2025-08-17 22:09:46,949 - __main__ - ERROR - 应用程序启动失败: object int can't be used in 'await' expression
2025-08-17 22:09:46,949 - communication.udp_receiver - INFO - UDP接收器已停止
2025-08-17 22:09:46,950 - communication.udp_receiver - INFO - UDP连接正常关闭
2025-08-17 22:09:46,952 - __main__ - ERROR - 程序运行出错: object int can't be used in 'await' expression
2025-08-17 22:10:32,027 - __main__ - INFO - 已启用winloop加速
2025-08-17 22:10:32,045 - config.config_manager - INFO - 已加载用户配置文件: config.json
2025-08-17 22:10:32,396 - ui.scope_view - INFO - 示波器视图已初始化: 10通道
2025-08-17 22:11:07,247 - data.data_buffer - INFO - 环形缓冲区已初始化: 10通道, 最大样本数: 26,843,545, 内存使用: 1024.0MB
2025-08-17 22:11:07,953 - __main__ - INFO - 主窗口初始化完成
2025-08-17 22:11:08,230 - communication.udp_receiver - INFO - UDP接收器已启动，监听 0.0.0.0:8888
2025-08-17 22:11:08,230 - __main__ - INFO - 应用程序启动完成
2025-08-17 22:12:29,895 - config.config_manager - INFO - 配置文件已保存: config.json
2025-08-17 22:12:35,899 - __main__ - INFO - 应用程序正常退出
2025-08-17 22:12:48,793 - __main__ - ERROR - 应用程序启动失败: object int can't be used in 'await' expression
2025-08-17 22:12:48,794 - communication.udp_receiver - INFO - UDP接收器已停止
2025-08-17 22:12:48,795 - communication.udp_receiver - INFO - UDP连接正常关闭
2025-08-17 22:12:48,797 - __main__ - ERROR - 程序运行出错: object int can't be used in 'await' expression
2025-08-17 22:17:32,631 - __main__ - INFO - 已启用winloop加速
2025-08-17 22:17:32,649 - config.config_manager - INFO - 已加载用户配置文件: config.json
2025-08-17 22:17:32,988 - ui.scope_view - INFO - 示波器视图已初始化: 10通道
2025-08-17 22:17:34,284 - data.data_buffer - INFO - 环形缓冲区已初始化: 10通道, 最大样本数: 26,843,545, 内存使用: 1024.0MB
2025-08-17 22:17:34,802 - __main__ - INFO - 主窗口初始化完成
2025-08-17 22:17:35,067 - communication.udp_receiver - INFO - UDP接收器已启动，监听 0.0.0.0:8888
2025-08-17 22:17:35,068 - __main__ - INFO - 应用程序启动完成
2025-08-17 22:17:42,843 - config.config_manager - INFO - 配置文件已保存: config.json
2025-08-17 22:17:42,844 - __main__ - INFO - 应用程序正常退出
2025-08-17 22:17:42,859 - communication.udp_receiver - INFO - UDP接收器已停止
2025-08-17 22:17:42,860 - communication.udp_receiver - INFO - UDP连接正常关闭
2025-08-17 22:18:47,790 - __main__ - INFO - 已启用winloop加速
2025-08-17 22:18:47,809 - config.config_manager - INFO - 已加载用户配置文件: config.json
2025-08-17 22:18:48,115 - ui.scope_view - INFO - 示波器视图已初始化: 10通道
2025-08-17 22:18:51,599 - data.data_buffer - INFO - 环形缓冲区已初始化: 10通道, 最大样本数: 26,843,545, 内存使用: 1024.0MB
2025-08-17 22:18:51,600 - __main__ - INFO - 主窗口初始化完成
2025-08-17 22:18:51,862 - communication.udp_receiver - INFO - UDP接收器已启动，监听 0.0.0.0:8888
2025-08-17 22:18:51,863 - __main__ - INFO - 应用程序启动完成
2025-08-17 22:21:12,003 - config.config_manager - INFO - 配置文件已保存: config.json
2025-08-17 22:21:12,003 - __main__ - INFO - 应用程序正常退出
2025-08-17 22:21:12,030 - communication.udp_receiver - INFO - UDP接收器已停止
2025-08-17 22:21:12,030 - communication.udp_receiver - INFO - UDP连接正常关闭
2025-08-17 22:22:07,581 - __main__ - INFO - 已启用winloop加速
2025-08-17 22:22:07,600 - config.config_manager - INFO - 已加载用户配置文件: config.json
2025-08-17 22:22:07,923 - ui.scope_view - INFO - 示波器视图已初始化: 10通道
2025-08-17 22:22:07,938 - data.data_buffer - INFO - 环形缓冲区已初始化: 10通道, 最大样本数: 26,843,545, 内存使用: 1024.0MB
2025-08-17 22:22:07,938 - __main__ - INFO - 主窗口初始化完成
2025-08-17 22:22:08,203 - communication.udp_receiver - INFO - UDP接收器已启动，监听 0.0.0.0:8888
2025-08-17 22:22:08,203 - __main__ - INFO - 应用程序启动完成
2025-08-17 22:24:30,681 - __main__ - INFO - 已启用winloop加速
2025-08-17 22:24:30,698 - config.config_manager - INFO - 已加载用户配置文件: config.json
2025-08-17 22:24:31,034 - ui.scope_view - INFO - 示波器视图已初始化: 10通道
2025-08-17 22:24:31,050 - data.data_buffer - INFO - 环形缓冲区已初始化: 10通道, 最大样本数: 26,843,545, 内存使用: 1024.0MB
2025-08-17 22:24:31,051 - __main__ - INFO - 主窗口初始化完成
2025-08-17 22:24:31,329 - communication.udp_receiver - INFO - UDP接收器已启动，监听 0.0.0.0:8888
2025-08-17 22:24:31,330 - __main__ - INFO - 应用程序启动完成
2025-08-17 22:25:31,160 - config.config_manager - INFO - 配置文件已保存: config.json
2025-08-17 22:25:31,160 - __main__ - INFO - 应用程序正常退出
2025-08-17 22:25:31,185 - communication.udp_receiver - INFO - UDP接收器已停止
2025-08-17 22:25:31,186 - communication.udp_receiver - INFO - UDP连接正常关闭
2025-08-17 22:27:11,629 - __main__ - INFO - 已启用winloop加速
2025-08-17 22:27:11,647 - config.config_manager - INFO - 已加载用户配置文件: config.json
2025-08-17 22:27:11,985 - ui.scope_view - INFO - 示波器视图已初始化: 10通道
2025-08-17 22:27:12,002 - data.data_buffer - INFO - 环形缓冲区已初始化: 10通道, 最大样本数: 26,843,545, 内存使用: 1024.0MB
2025-08-17 22:27:12,003 - __main__ - INFO - 主窗口初始化完成
2025-08-17 22:27:12,276 - communication.udp_receiver - INFO - UDP接收器已启动，监听 0.0.0.0:8888
2025-08-17 22:27:12,276 - __main__ - INFO - 应用程序启动完成
2025-08-17 22:27:28,320 - __main__ - INFO - 自动滚动已暂停
2025-08-17 22:27:29,070 - __main__ - INFO - 自动滚动已启用
2025-08-17 22:27:39,467 - config.config_manager - INFO - 配置文件已保存: config.json
2025-08-17 22:27:39,468 - __main__ - INFO - 应用程序正常退出
2025-08-17 22:27:39,493 - communication.udp_receiver - INFO - UDP接收器已停止
2025-08-17 22:27:39,494 - communication.udp_receiver - INFO - UDP连接正常关闭
2025-08-17 22:34:18,224 - __main__ - INFO - 已启用winloop加速
2025-08-17 22:34:18,242 - config.config_manager - INFO - 已加载用户配置文件: config.json
2025-08-17 22:34:18,588 - ui.scope_view - INFO - 示波器视图已初始化: 10通道
2025-08-17 22:34:18,606 - data.data_buffer - INFO - 环形缓冲区已初始化: 10通道, 最大样本数: 26,843,545, 内存使用: 1024.0MB
2025-08-17 22:34:18,608 - __main__ - INFO - 主窗口初始化完成
2025-08-17 22:34:18,885 - communication.udp_receiver - INFO - UDP接收器已启动，监听 0.0.0.0:8888
2025-08-17 22:34:18,885 - __main__ - INFO - 应用程序启动完成
2025-08-17 22:34:28,239 - config.config_manager - INFO - 配置文件已保存: config.json
2025-08-17 22:34:28,241 - __main__ - INFO - 应用程序正常退出
2025-08-17 22:34:28,256 - communication.udp_receiver - INFO - UDP接收器已停止
2025-08-17 22:34:28,256 - communication.udp_receiver - INFO - UDP连接正常关闭
2025-08-17 22:34:40,151 - __main__ - INFO - 已启用winloop加速
2025-08-17 22:34:40,170 - config.config_manager - INFO - 已加载用户配置文件: config.json
2025-08-17 22:34:40,516 - ui.scope_view - INFO - 示波器视图已初始化: 10通道
2025-08-17 22:34:40,538 - data.data_buffer - INFO - 环形缓冲区已初始化: 10通道, 最大样本数: 26,843,545, 内存使用: 1024.0MB
2025-08-17 22:34:40,539 - __main__ - INFO - 主窗口初始化完成
2025-08-17 22:34:40,825 - communication.udp_receiver - INFO - UDP接收器已启动，监听 0.0.0.0:8888
2025-08-17 22:34:40,825 - __main__ - INFO - 应用程序启动完成
2025-08-17 22:37:53,073 - config.config_manager - INFO - 配置文件已保存: config.json
2025-08-17 22:37:53,074 - __main__ - INFO - 应用程序正常退出
2025-08-17 22:37:53,099 - communication.udp_receiver - INFO - UDP接收器已停止
2025-08-17 22:37:53,099 - communication.udp_receiver - INFO - UDP连接正常关闭
2025-08-17 22:38:14,929 - __main__ - INFO - 已启用winloop加速
2025-08-17 22:38:14,948 - config.config_manager - INFO - 已加载用户配置文件: config.json
2025-08-17 22:38:15,273 - ui.scope_view - INFO - 示波器视图已初始化: 10通道
2025-08-17 22:38:15,290 - data.data_buffer - INFO - 环形缓冲区已初始化: 10通道, 最大样本数: 26,843,545, 内存使用: 1024.0MB
2025-08-17 22:38:15,291 - __main__ - INFO - 主窗口初始化完成
2025-08-17 22:38:15,576 - communication.udp_receiver - INFO - UDP接收器已启动，监听 0.0.0.0:8888
2025-08-17 22:38:15,576 - __main__ - INFO - 应用程序启动完成
2025-08-17 22:38:19,869 - __main__ - INFO - 自动滚动已暂停
2025-08-17 22:38:20,139 - __main__ - INFO - 自动滚动已启用
2025-08-17 22:38:36,185 - config.config_manager - INFO - 配置文件已保存: config.json
2025-08-17 22:38:36,185 - __main__ - INFO - 应用程序正常退出
2025-08-17 22:38:36,215 - communication.udp_receiver - INFO - UDP接收器已停止
2025-08-17 22:38:36,216 - communication.udp_receiver - INFO - UDP连接正常关闭
2025-08-17 22:40:30,381 - __main__ - INFO - 已启用winloop加速
2025-08-17 22:40:30,398 - config.config_manager - INFO - 已加载用户配置文件: config.json
2025-08-17 22:40:30,741 - ui.scope_view - INFO - 示波器视图已初始化: 10通道
2025-08-17 22:40:30,763 - __main__ - ERROR - 应用程序启动失败: addWidget(self, w: QWidget): too many arguments
2025-08-17 22:40:30,764 - __main__ - ERROR - 程序运行出错: addWidget(self, w: QWidget): too many arguments
2025-08-17 22:41:12,155 - __main__ - INFO - 已启用winloop加速
2025-08-17 22:41:12,174 - config.config_manager - INFO - 已加载用户配置文件: config.json
2025-08-17 22:41:12,510 - ui.scope_view - INFO - 示波器视图已初始化: 10通道
2025-08-17 22:41:12,529 - data.data_buffer - INFO - 环形缓冲区已初始化: 10通道, 最大样本数: 26,843,545, 内存使用: 1024.0MB
2025-08-17 22:41:12,531 - __main__ - INFO - 主窗口初始化完成
2025-08-17 22:41:12,819 - communication.udp_receiver - INFO - UDP接收器已启动，监听 0.0.0.0:8888
2025-08-17 22:41:12,819 - __main__ - INFO - 应用程序启动完成
2025-08-17 22:42:05,320 - __main__ - INFO - 已启用winloop加速
2025-08-17 22:42:05,340 - config.config_manager - INFO - 已加载用户配置文件: config.json
2025-08-17 22:42:05,679 - ui.scope_view - INFO - 示波器视图已初始化: 10通道
2025-08-17 22:42:05,697 - data.data_buffer - INFO - 环形缓冲区已初始化: 10通道, 最大样本数: 26,843,545, 内存使用: 1024.0MB
2025-08-17 22:42:05,698 - __main__ - INFO - 主窗口初始化完成
2025-08-17 22:42:05,979 - communication.udp_receiver - INFO - UDP接收器已启动，监听 0.0.0.0:8888
2025-08-17 22:42:05,979 - __main__ - INFO - 应用程序启动完成
2025-08-17 22:42:37,174 - config.config_manager - INFO - 配置文件已保存: config.json
2025-08-17 22:42:37,174 - __main__ - INFO - 应用程序正常退出
2025-08-17 22:42:37,197 - communication.udp_receiver - INFO - UDP接收器已停止
2025-08-17 22:42:37,197 - communication.udp_receiver - INFO - UDP连接正常关闭
2025-08-17 22:42:48,402 - __main__ - INFO - 已启用winloop加速
2025-08-17 22:42:48,420 - config.config_manager - INFO - 已加载用户配置文件: config.json
2025-08-17 22:42:48,765 - ui.scope_view - INFO - 示波器视图已初始化: 10通道
2025-08-17 22:42:48,785 - data.data_buffer - INFO - 环形缓冲区已初始化: 10通道, 最大样本数: 26,843,545, 内存使用: 1024.0MB
2025-08-17 22:42:48,786 - __main__ - INFO - 主窗口初始化完成
2025-08-17 22:42:49,069 - communication.udp_receiver - INFO - UDP接收器已启动，监听 0.0.0.0:8888
2025-08-17 22:42:49,069 - __main__ - INFO - 应用程序启动完成
2025-08-17 22:42:55,948 - config.config_manager - INFO - 配置文件已保存: config.json
2025-08-17 22:42:55,948 - __main__ - INFO - 应用程序正常退出
2025-08-17 22:42:55,975 - communication.udp_receiver - INFO - UDP接收器已停止
2025-08-17 22:42:55,976 - communication.udp_receiver - INFO - UDP连接正常关闭
2025-08-17 22:44:21,275 - __main__ - INFO - 已启用winloop加速
2025-08-17 22:44:21,294 - config.config_manager - INFO - 已加载用户配置文件: config.json
2025-08-17 22:44:21,638 - ui.scope_view - INFO - 示波器视图已初始化: 10通道
2025-08-17 22:44:21,658 - data.data_buffer - INFO - 环形缓冲区已初始化: 10通道, 最大样本数: 26,843,545, 内存使用: 1024.0MB
2025-08-17 22:44:21,659 - __main__ - INFO - 主窗口初始化完成
2025-08-17 22:44:21,941 - communication.udp_receiver - INFO - UDP接收器已启动，监听 0.0.0.0:8888
2025-08-17 22:44:21,943 - __main__ - INFO - 应用程序启动完成
2025-08-17 22:50:47,614 - __main__ - INFO - 已启用winloop加速
2025-08-17 22:50:47,631 - config.config_manager - INFO - 已加载用户配置文件: config.json
2025-08-17 22:50:47,972 - ui.scope_view - INFO - 示波器视图已初始化: 10通道
2025-08-17 22:51:23,950 - data.data_buffer - INFO - 环形缓冲区已初始化: 10通道, 最大样本数: 26,843,545, 内存使用: 1024.0MB
2025-08-17 22:51:23,951 - __main__ - INFO - 主窗口初始化完成
2025-08-17 22:51:24,230 - communication.udp_receiver - INFO - UDP接收器已启动，监听 0.0.0.0:8888
2025-08-17 22:51:24,230 - __main__ - INFO - 应用程序启动完成
2025-08-17 22:52:42,764 - __main__ - INFO - 已启用winloop加速
2025-08-17 22:52:42,783 - config.config_manager - INFO - 已加载用户配置文件: config.json
2025-08-17 22:52:43,136 - ui.scope_view - INFO - 示波器视图已初始化: 10通道
2025-08-17 22:52:43,158 - data.data_buffer - INFO - 环形缓冲区已初始化: 10通道, 最大样本数: 26,843,545, 内存使用: 1024.0MB
2025-08-17 22:52:43,158 - __main__ - INFO - 主窗口初始化完成
2025-08-17 22:52:43,456 - communication.udp_receiver - INFO - UDP接收器已启动，监听 0.0.0.0:8888
2025-08-17 22:52:43,456 - __main__ - INFO - 应用程序启动完成
2025-08-17 22:54:09,972 - __main__ - INFO - 已启用winloop加速
2025-08-17 22:54:09,992 - config.config_manager - INFO - 已加载用户配置文件: config.json
2025-08-17 22:54:10,319 - ui.scope_view - INFO - 示波器视图已初始化: 10通道
2025-08-17 22:54:10,325 - __main__ - ERROR - 应用程序启动失败: 'NoneType' object has no attribute 'set_color'
2025-08-17 22:54:10,327 - __main__ - ERROR - 程序运行出错: 'NoneType' object has no attribute 'set_color'
2025-08-17 22:54:26,940 - __main__ - INFO - 已启用winloop加速
2025-08-17 22:54:26,959 - config.config_manager - INFO - 已加载用户配置文件: config.json
2025-08-17 22:54:27,298 - ui.scope_view - INFO - 示波器视图已初始化: 10通道
2025-08-17 22:54:27,318 - data.data_buffer - INFO - 环形缓冲区已初始化: 10通道, 最大样本数: 26,843,545, 内存使用: 1024.0MB
2025-08-17 22:54:27,321 - __main__ - INFO - 主窗口初始化完成
2025-08-17 22:54:27,604 - communication.udp_receiver - INFO - UDP接收器已启动，监听 0.0.0.0:8888
2025-08-17 22:54:27,605 - __main__ - INFO - 应用程序启动完成
2025-08-17 22:56:14,076 - config.config_manager - INFO - 配置文件已保存: config.json
2025-08-17 22:56:14,076 - __main__ - INFO - 应用程序正常退出
2025-08-17 22:56:14,101 - communication.udp_receiver - INFO - UDP接收器已停止
2025-08-17 22:56:14,101 - communication.udp_receiver - INFO - UDP连接正常关闭
2025-08-17 22:58:10,000 - __main__ - INFO - 已启用winloop加速
2025-08-17 22:58:10,019 - config.config_manager - INFO - 已加载用户配置文件: config.json
2025-08-17 22:58:10,367 - ui.scope_view - INFO - 示波器视图已初始化: 10通道
2025-08-17 22:58:10,387 - data.data_buffer - INFO - 环形缓冲区已初始化: 10通道, 最大样本数: 26,843,545, 内存使用: 1024.0MB
2025-08-17 22:58:10,388 - __main__ - INFO - 主窗口初始化完成
2025-08-17 22:58:10,667 - communication.udp_receiver - INFO - UDP接收器已启动，监听 0.0.0.0:8888
2025-08-17 22:58:10,667 - __main__ - INFO - 应用程序启动完成
2025-08-17 22:59:37,634 - __main__ - INFO - 已启用winloop加速
2025-08-17 22:59:37,652 - config.config_manager - INFO - 已加载用户配置文件: config.json
2025-08-17 22:59:37,996 - ui.scope_view - INFO - 示波器视图已初始化: 10通道
2025-08-17 22:59:38,015 - data.data_buffer - INFO - 环形缓冲区已初始化: 10通道, 最大样本数: 26,843,545, 内存使用: 1024.0MB
2025-08-17 22:59:38,016 - __main__ - INFO - 主窗口初始化完成
2025-08-17 22:59:38,304 - communication.udp_receiver - INFO - UDP接收器已启动，监听 0.0.0.0:8888
2025-08-17 22:59:38,305 - __main__ - INFO - 应用程序启动完成
2025-08-17 22:59:56,197 - config.config_manager - INFO - 配置文件已保存: config.json
2025-08-17 22:59:56,198 - __main__ - INFO - 应用程序正常退出
2025-08-17 22:59:56,220 - communication.udp_receiver - INFO - UDP接收器已停止
2025-08-17 22:59:56,221 - communication.udp_receiver - INFO - UDP连接正常关闭
2025-08-17 23:01:52,706 - __main__ - INFO - 已启用winloop加速
2025-08-17 23:01:52,723 - config.config_manager - INFO - 已加载用户配置文件: config.json
2025-08-17 23:01:53,059 - ui.scope_view - INFO - 示波器视图已初始化: 10通道
2025-08-17 23:01:53,080 - data.data_buffer - INFO - 环形缓冲区已初始化: 10通道, 最大样本数: 26,843,545, 内存使用: 1024.0MB
2025-08-17 23:01:53,081 - __main__ - INFO - 主窗口初始化完成
2025-08-17 23:01:53,352 - communication.udp_receiver - INFO - UDP接收器已启动，监听 0.0.0.0:8888
2025-08-17 23:01:53,352 - __main__ - INFO - 应用程序启动完成
2025-08-17 23:02:20,041 - __main__ - INFO - 已启用winloop加速
2025-08-17 23:02:20,061 - config.config_manager - INFO - 已加载用户配置文件: config.json
2025-08-17 23:02:20,409 - ui.scope_view - INFO - 示波器视图已初始化: 10通道
2025-08-17 23:02:20,436 - data.data_buffer - INFO - 环形缓冲区已初始化: 10通道, 最大样本数: 26,843,545, 内存使用: 1024.0MB
2025-08-17 23:02:20,437 - __main__ - INFO - 主窗口初始化完成
2025-08-17 23:02:20,711 - communication.udp_receiver - INFO - UDP接收器已启动，监听 0.0.0.0:8888
2025-08-17 23:02:20,712 - __main__ - INFO - 应用程序启动完成
2025-08-17 23:05:01,099 - __main__ - INFO - 已启用winloop加速
2025-08-17 23:05:01,119 - config.config_manager - INFO - 已加载用户配置文件: config.json
2025-08-17 23:05:01,456 - ui.scope_view - INFO - 示波器视图已初始化: 10通道
2025-08-17 23:05:01,482 - data.data_buffer - INFO - 环形缓冲区已初始化: 10通道, 最大样本数: 26,843,545, 内存使用: 1024.0MB
2025-08-17 23:05:01,483 - __main__ - INFO - 主窗口初始化完成
2025-08-17 23:05:01,751 - communication.udp_receiver - INFO - UDP接收器已启动，监听 0.0.0.0:8888
2025-08-17 23:05:01,751 - __main__ - INFO - 应用程序启动完成
2025-08-17 23:05:39,093 - __main__ - INFO - 已启用winloop加速
2025-08-17 23:05:39,112 - config.config_manager - INFO - 已加载用户配置文件: config.json
2025-08-17 23:05:39,454 - ui.scope_view - INFO - 示波器视图已初始化: 10通道
2025-08-17 23:05:39,475 - data.data_buffer - INFO - 环形缓冲区已初始化: 10通道, 最大样本数: 26,843,545, 内存使用: 1024.0MB
2025-08-17 23:05:39,476 - __main__ - INFO - 主窗口初始化完成
2025-08-17 23:05:39,741 - communication.udp_receiver - INFO - UDP接收器已启动，监听 0.0.0.0:8888
2025-08-17 23:05:39,741 - __main__ - INFO - 应用程序启动完成
2025-08-17 23:06:14,725 - __main__ - INFO - 已启用winloop加速
2025-08-17 23:06:14,743 - config.config_manager - INFO - 已加载用户配置文件: config.json
2025-08-17 23:06:15,088 - ui.scope_view - INFO - 示波器视图已初始化: 10通道
2025-08-17 23:06:15,115 - data.data_buffer - INFO - 环形缓冲区已初始化: 10通道, 最大样本数: 26,843,545, 内存使用: 1024.0MB
2025-08-17 23:06:15,116 - __main__ - INFO - 主窗口初始化完成
2025-08-17 23:06:15,394 - communication.udp_receiver - INFO - UDP接收器已启动，监听 localhost:8888
2025-08-17 23:06:15,395 - __main__ - INFO - 应用程序启动完成
2025-08-17 23:11:49,531 - __main__ - INFO - 已启用winloop加速
2025-08-17 23:11:49,550 - config.config_manager - INFO - 已加载用户配置文件: config.json
2025-08-17 23:11:49,891 - ui.scope_view - INFO - 示波器视图已初始化: 10通道
2025-08-17 23:11:49,915 - data.data_buffer - INFO - 环形缓冲区已初始化: 10通道, 最大样本数: 26,843,545, 内存使用: 1024.0MB
2025-08-17 23:11:49,916 - __main__ - INFO - 主窗口初始化完成
2025-08-17 23:12:21,396 - communication.udp_receiver - INFO - UDP接收器已启动，监听 localhost:8888
2025-08-17 23:12:21,397 - __main__ - INFO - 应用程序启动完成
2025-08-17 23:19:43,266 - __main__ - INFO - 已启用winloop加速
2025-08-17 23:19:43,285 - config.config_manager - INFO - 已加载用户配置文件: config.json
2025-08-17 23:19:43,647 - ui.scope_view - INFO - 示波器视图已初始化: 10通道
2025-08-17 23:19:43,671 - data.data_buffer - INFO - 环形缓冲区已初始化: 10通道, 最大样本数: 26,843,545, 内存使用: 1024.0MB
2025-08-17 23:19:43,673 - __main__ - INFO - 主窗口初始化完成
2025-08-17 23:19:43,961 - communication.udp_receiver - INFO - UDP接收器已启动，实际绑定地址: ('127.0.0.1', 8888)
2025-08-17 23:19:43,961 - communication.udp_receiver - INFO - Socket详细信息: AF_INET, type=2, proto=0
2025-08-17 23:19:43,962 - communication.udp_receiver - INFO - UDP接收器已启动，监听 localhost:8888
2025-08-17 23:19:43,962 - __main__ - INFO - 应用程序启动完成
2025-08-17 23:23:49,872 - __main__ - INFO - 已启用winloop加速
2025-08-17 23:23:49,890 - config.config_manager - INFO - 已加载用户配置文件: config.json
2025-08-17 23:23:50,212 - ui.scope_view - INFO - 示波器视图已初始化: 10通道
2025-08-17 23:23:50,237 - data.data_buffer - INFO - 环形缓冲区已初始化: 10通道, 最大样本数: 26,843,545, 内存使用: 1024.0MB
2025-08-17 23:23:50,238 - __main__ - INFO - 主窗口初始化完成
2025-08-17 23:23:50,519 - communication.udp_receiver - INFO - UDP接收器已启动，实际绑定地址: ('127.0.0.1', 8888)
2025-08-17 23:23:50,520 - communication.udp_receiver - INFO - Socket详细信息: AF_INET, type=2, proto=0
2025-08-17 23:23:50,520 - communication.udp_receiver - INFO - UDP接收器已启动，监听 localhost:8888
2025-08-17 23:23:50,520 - __main__ - INFO - 应用程序启动完成
2025-08-17 23:29:30,952 - __main__ - INFO - 已启用winloop加速
2025-08-17 23:29:30,972 - config.config_manager - INFO - 已加载用户配置文件: config.json
2025-08-17 23:29:31,300 - ui.scope_view - INFO - 示波器视图已初始化: 10通道
2025-08-17 23:29:31,326 - data.data_buffer - INFO - 环形缓冲区已初始化: 10通道, 最大样本数: 26,843,545, 内存使用: 1024.0MB
2025-08-17 23:29:31,327 - __main__ - INFO - 主窗口初始化完成
2025-08-17 23:30:30,416 - communication.udp_receiver - INFO - UDP接收器已启动，实际绑定地址: ('127.0.0.1', 8888)
2025-08-17 23:30:30,417 - communication.udp_receiver - INFO - Socket详细信息: AF_INET, type=2, proto=0
2025-08-17 23:30:30,417 - communication.udp_receiver - INFO - UDP接收器已启动，监听 localhost:8888
2025-08-17 23:30:30,417 - __main__ - INFO - 应用程序启动完成
2025-08-17 23:31:26,912 - config.config_manager - INFO - 配置文件已保存: config.json
2025-08-17 23:31:26,912 - __main__ - INFO - 应用程序正常退出
2025-08-17 23:31:26,925 - communication.udp_receiver - INFO - UDP接收器已停止
2025-08-17 23:31:26,926 - communication.udp_receiver - INFO - UDP连接正常关闭
2025-08-17 23:38:58,484 - __main__ - INFO - 已启用winloop加速
2025-08-17 23:38:58,505 - config.config_manager - INFO - 已加载用户配置文件: config.json
2025-08-17 23:38:58,846 - ui.scope_view - INFO - 示波器视图已初始化: 10通道
2025-08-17 23:38:58,871 - data.data_buffer - INFO - 环形缓冲区已初始化: 10通道, 最大样本数: 26,843,545, 内存使用: 1024.0MB
2025-08-17 23:38:58,872 - __main__ - INFO - 主窗口初始化完成
2025-08-17 23:39:12,881 - __main__ - INFO - 已启用winloop加速
2025-08-17 23:39:12,904 - config.config_manager - INFO - 已加载用户配置文件: config.json
2025-08-17 23:39:13,248 - ui.scope_view - INFO - 示波器视图已初始化: 10通道
2025-08-17 23:39:13,275 - data.data_buffer - INFO - 环形缓冲区已初始化: 10通道, 最大样本数: 26,843,545, 内存使用: 1024.0MB
2025-08-17 23:39:13,277 - __main__ - INFO - 主窗口初始化完成
2025-08-17 23:39:20,724 - communication.udp_receiver - INFO - UDP接收器已启动，实际绑定地址: ('127.0.0.1', 8888)
2025-08-17 23:39:20,726 - communication.udp_receiver - INFO - Socket详细信息: AF_INET, type=2, proto=0
2025-08-17 23:39:20,726 - communication.udp_receiver - INFO - UDP接收器已启动，监听 localhost:8888
2025-08-17 23:39:20,726 - __main__ - INFO - 应用程序启动完成
2025-08-17 23:39:58,235 - __main__ - INFO - 已启用winloop加速
2025-08-17 23:39:58,256 - config.config_manager - INFO - 已加载用户配置文件: config.json
2025-08-17 23:39:58,614 - ui.scope_view - INFO - 示波器视图已初始化: 10通道
2025-08-17 23:39:58,640 - data.data_buffer - INFO - 环形缓冲区已初始化: 10通道, 最大样本数: 26,843,545, 内存使用: 1024.0MB
2025-08-17 23:39:58,641 - __main__ - INFO - 主窗口初始化完成
2025-08-17 23:40:06,182 - communication.udp_receiver - INFO - UDP接收器已启动，实际绑定地址: ('127.0.0.1', 8888)
2025-08-17 23:40:06,182 - communication.udp_receiver - INFO - Socket详细信息: AF_INET, type=2, proto=0
2025-08-17 23:40:06,182 - communication.udp_receiver - INFO - UDP接收器已启动，监听 localhost:8888
2025-08-17 23:40:06,182 - __main__ - INFO - 应用程序启动完成
2025-08-17 23:40:10,932 - __main__ - INFO - 已启用winloop加速
2025-08-17 23:40:10,951 - config.config_manager - INFO - 已加载用户配置文件: config.json
2025-08-17 23:40:11,283 - ui.scope_view - INFO - 示波器视图已初始化: 10通道
2025-08-17 23:40:11,306 - data.data_buffer - INFO - 环形缓冲区已初始化: 10通道, 最大样本数: 26,843,545, 内存使用: 1024.0MB
2025-08-17 23:40:11,307 - __main__ - INFO - 主窗口初始化完成
2025-08-17 23:40:25,772 - communication.udp_receiver - INFO - UDP接收器已启动，实际绑定地址: ('127.0.0.1', 8888)
2025-08-17 23:40:30,692 - communication.udp_receiver - INFO - Socket详细信息: AF_INET, type=2, proto=0
2025-08-17 23:41:11,193 - communication.udp_receiver - INFO - UDP接收器已启动，监听 localhost:8888
2025-08-17 23:41:17,239 - __main__ - INFO - 应用程序启动完成
2025-08-17 23:44:19,562 - __main__ - INFO - 已启用winloop加速
2025-08-17 23:44:19,583 - config.config_manager - INFO - 已加载用户配置文件: config.json
2025-08-17 23:44:19,923 - ui.scope_view - INFO - 示波器视图已初始化: 10通道
2025-08-17 23:44:19,947 - data.data_buffer - INFO - 环形缓冲区已初始化: 10通道, 最大样本数: 26,843,545, 内存使用: 1024.0MB
2025-08-17 23:44:19,948 - __main__ - INFO - 主窗口初始化完成
2025-08-17 23:44:34,404 - communication.udp_receiver - INFO - UDP接收器已启动，实际绑定地址: ('127.0.0.1', 8888)
2025-08-17 23:44:34,404 - communication.udp_receiver - INFO - Socket详细信息: AF_INET, type=2, proto=0
2025-08-17 23:44:34,404 - communication.udp_receiver - INFO - UDP接收器已启动，监听 localhost:8888
2025-08-17 23:44:34,405 - __main__ - INFO - 等待接收数据（20秒）...
2025-08-17 23:44:34,405 - __main__ - INFO - 请在另一个工具中发送数据到此端口进行测试
2025-08-17 23:52:18,061 - __main__ - INFO - 已启用winloop加速
2025-08-17 23:52:18,085 - config.config_manager - INFO - 已加载用户配置文件: config.json
2025-08-17 23:52:18,415 - ui.scope_view - INFO - 示波器视图已初始化: 10通道
2025-08-17 23:52:18,437 - data.data_buffer - INFO - 环形缓冲区已初始化: 10通道, 最大样本数: 26,843,545, 内存使用: 1024.0MB
2025-08-17 23:52:18,438 - __main__ - INFO - 主窗口初始化完成
2025-08-17 23:52:23,618 - communication.udp_receiver - INFO - UDP接收器已启动，实际绑定地址: ('127.0.0.1', 8888)
2025-08-17 23:52:23,618 - communication.udp_receiver - INFO - Socket详细信息: AF_INET, type=2, proto=0
2025-08-17 23:52:23,619 - communication.udp_receiver - INFO - UDP接收器已启动，监听 localhost:8888
2025-08-17 23:52:23,619 - __main__ - INFO - 应用程序启动完成
2025-08-18 00:02:09,704 - __main__ - INFO - 已启用 winloop 加速
2025-08-18 00:02:09,721 - config.config_manager - INFO - 已加载用户配置文件: config.json
2025-08-18 00:02:10,084 - ui.scope_view - INFO - 示波器视图已初始化: 10通道
2025-08-18 00:02:10,107 - data.data_buffer - INFO - 环形缓冲区已初始化: 10通道, 最大样本数: 26,843,545, 内存使用: 1024.0MB
2025-08-18 00:02:10,108 - __main__ - INFO - 主窗口初始化完成
2025-08-18 00:02:18,092 - communication.udp_receiver - INFO - UDP接收器已启动，实际绑定地址: ('127.0.0.1', 8888)
2025-08-18 00:02:18,092 - communication.udp_receiver - INFO - Socket详细信息: AF_INET, type=2, proto=0
2025-08-18 00:02:18,092 - communication.udp_receiver - INFO - UDP接收器已启动，监听 localhost:8888
2025-08-18 00:02:18,092 - __main__ - INFO - 应用程序启动完成
2025-08-18 00:05:54,760 - __main__ - INFO - 已启用 winloop 加速
2025-08-18 00:05:54,774 - config.config_manager - INFO - 已加载用户配置文件: config.json
2025-08-18 00:05:55,120 - ui.scope_view - INFO - 示波器视图已初始化: 10通道
2025-08-18 00:05:55,142 - data.data_buffer - INFO - 环形缓冲区已初始化: 10通道, 最大样本数: 26,843,545, 内存使用: 1024.0MB
2025-08-18 00:05:55,145 - __main__ - INFO - 主窗口初始化完成
2025-08-18 00:05:55,432 - communication.udp_receiver - INFO - UDP接收器已启动，实际绑定地址: ('127.0.0.1', 8888)
2025-08-18 00:05:55,433 - communication.udp_receiver - INFO - Socket详细信息: AF_INET, type=2, proto=0
2025-08-18 00:05:55,433 - communication.udp_receiver - INFO - UDP接收器已启动，监听 localhost:8888
2025-08-18 00:05:55,434 - __main__ - INFO - 应用程序启动完成
2025-08-18 00:10:01,273 - __main__ - INFO - 已启用 winloop 加速
2025-08-18 00:14:05,876 - config.config_manager - INFO - 已加载用户配置文件: config.json
2025-08-18 00:14:06,236 - ui.scope_view - INFO - 示波器视图已初始化: 10通道
2025-08-18 00:14:06,261 - data.data_buffer - INFO - 环形缓冲区已初始化: 10通道, 最大样本数: 26,843,545, 内存使用: 1024.0MB
2025-08-18 00:14:06,262 - __main__ - INFO - 主窗口初始化完成
2025-08-18 00:14:08,406 - communication.udp_receiver - INFO - UDP接收器已启动，实际绑定地址: ('127.0.0.1', 8888)
2025-08-18 00:14:08,407 - communication.udp_receiver - INFO - Socket详细信息: AF_INET, type=2, proto=0
2025-08-18 00:14:08,407 - communication.udp_receiver - INFO - UDP接收器已启动，监听 localhost:8888
2025-08-18 00:14:08,407 - __main__ - INFO - 应用程序启动完成
2025-08-18 00:16:43,607 - config.config_manager - INFO - 已加载用户配置文件: config.json
2025-08-18 00:16:43,968 - ui.scope_view - INFO - 示波器视图已初始化: 10通道
2025-08-18 00:16:43,991 - data.data_buffer - INFO - 环形缓冲区已初始化: 10通道, 最大样本数: 26,843,545, 内存使用: 1024.0MB
2025-08-18 00:16:43,991 - __main__ - INFO - 主窗口初始化完成
2025-08-18 00:16:46,095 - communication.udp_receiver - INFO - UDP接收器已启动，实际绑定地址: ('127.0.0.1', 8888)
2025-08-18 00:16:46,095 - communication.udp_receiver - INFO - Socket详细信息: AF_INET, type=2, proto=0
2025-08-18 00:16:46,095 - communication.udp_receiver - INFO - UDP接收器已启动，监听 localhost:8888
2025-08-18 00:16:46,096 - __main__ - INFO - 应用程序启动完成
2025-08-18 00:16:46,096 - communication.udp_receiver - INFO - UDP接收器已停止
2025-08-18 00:16:46,096 - communication.udp_receiver - INFO - UDP连接正常关闭
2025-08-18 00:19:02,914 - config.config_manager - INFO - 已加载用户配置文件: config.json
2025-08-18 00:19:03,259 - ui.scope_view - INFO - 示波器视图已初始化: 10通道
2025-08-18 00:19:03,282 - data.data_buffer - INFO - 环形缓冲区已初始化: 10通道, 最大样本数: 26,843,545, 内存使用: 1024.0MB
2025-08-18 00:19:03,284 - __main__ - INFO - 主窗口初始化完成
2025-08-18 00:19:05,694 - communication.udp_receiver - INFO - UDP接收器已启动，实际绑定地址: ('127.0.0.1', 8888)
2025-08-18 00:19:05,695 - communication.udp_receiver - INFO - Socket详细信息: AF_INET, type=2, proto=0
2025-08-18 00:19:05,695 - communication.udp_receiver - INFO - UDP接收器已启动，监听 localhost:8888
2025-08-18 00:19:05,695 - __main__ - INFO - 应用程序启动完成
2025-08-18 00:20:59,605 - config.config_manager - INFO - 已加载用户配置文件: config.json
2025-08-18 00:20:59,948 - ui.scope_view - INFO - 示波器视图已初始化: 10通道
2025-08-18 00:20:59,970 - data.data_buffer - INFO - 环形缓冲区已初始化: 10通道, 最大样本数: 26,843,545, 内存使用: 1024.0MB
2025-08-18 00:20:59,972 - __main__ - INFO - 主窗口初始化完成
2025-08-18 00:21:02,241 - communication.udp_receiver - INFO - UDP接收器已启动，实际绑定地址: ('127.0.0.1', 8888)
2025-08-18 00:21:02,241 - communication.udp_receiver - INFO - Socket详细信息: AF_INET, type=2, proto=0
2025-08-18 00:21:02,241 - communication.udp_receiver - INFO - UDP接收器已启动，监听 localhost:8888
2025-08-18 00:21:02,241 - __main__ - INFO - 应用程序启动完成
2025-08-18 00:21:02,241 - communication.udp_receiver - INFO - UDP接收器已停止
2025-08-18 00:21:02,242 - communication.udp_receiver - INFO - UDP连接正常关闭
2025-08-18 00:24:22,784 - __main__ - ERROR - 程序运行出错: '_WindowsSelectorEventLoop' object does not support the context manager protocol
2025-08-18 00:24:46,751 - __main__ - ERROR - 程序运行出错: 'ProactorEventLoop' object does not support the context manager protocol
2025-08-18 00:39:54,619 - config.config_manager - INFO - 已加载用户配置文件: config.json
2025-08-18 00:39:55,053 - ui.scope_view - INFO - 示波器视图已初始化: 10通道
2025-08-18 00:39:55,080 - data.data_buffer - INFO - 环形缓冲区已初始化: 10通道, 最大样本数: 26,843,545, 内存使用: 1024.0MB
2025-08-18 00:39:55,084 - __main__ - INFO - 主窗口初始化完成
2025-08-18 00:40:02,761 - config.config_manager - INFO - 配置文件已保存: config.json
2025-08-18 00:40:02,761 - __main__ - INFO - 应用程序正常退出
2025-08-18 00:45:44,129 - config.config_manager - INFO - 已加载用户配置文件: config.json
2025-08-18 00:45:44,582 - ui.scope_view - INFO - 示波器视图已初始化: 10通道
2025-08-18 00:45:44,608 - data.data_buffer - INFO - 环形缓冲区已初始化: 10通道, 最大样本数: 26,843,545, 内存使用: 1024.0MB
2025-08-18 00:45:44,611 - __main__ - INFO - 主窗口初始化完成
2025-08-18 00:45:46,929 - communication.udp_receiver - INFO - UDP接收器已启动，实际绑定地址: ('127.0.0.1', 8888)
2025-08-18 00:45:46,930 - communication.udp_receiver - INFO - Socket详细信息: AF_INET, type=2, proto=0
2025-08-18 00:45:46,930 - communication.udp_receiver - INFO - UDP接收器已启动，监听 localhost:8888
2025-08-18 00:45:46,930 - __main__ - INFO - 应用程序启动完成
2025-08-18 00:49:25,602 - __main__ - INFO - winloop 已启用
2025-08-18 00:49:25,619 - config.config_manager - INFO - 已加载用户配置文件: config.json
2025-08-18 00:49:26,028 - ui.scope_view - INFO - 示波器视图已初始化: 10通道
2025-08-18 00:49:26,057 - data.data_buffer - INFO - 环形缓冲区已初始化: 10通道, 最大样本数: 26,843,545, 内存使用: 1024.0MB
2025-08-18 00:49:26,059 - __main__ - INFO - 主窗口初始化完成
2025-08-18 00:50:09,559 - __main__ - INFO - winloop 已启用
2025-08-18 00:50:09,578 - config.config_manager - INFO - 已加载用户配置文件: config.json
2025-08-18 00:50:10,007 - ui.scope_view - INFO - 示波器视图已初始化: 10通道
2025-08-18 00:50:10,037 - data.data_buffer - INFO - 环形缓冲区已初始化: 10通道, 最大样本数: 26,843,545, 内存使用: 1024.0MB
2025-08-18 00:50:10,039 - __main__ - INFO - 主窗口初始化完成
2025-08-18 00:50:58,322 - communication.udp_receiver - INFO - UDP接收器已启动，实际绑定地址: ('127.0.0.1', 8888)
2025-08-18 00:50:58,322 - communication.udp_receiver - INFO - Socket详细信息: AF_INET, type=2, proto=0
2025-08-18 00:50:58,322 - communication.udp_receiver - INFO - UDP接收器已启动，监听 localhost:8888
2025-08-18 00:50:58,325 - __main__ - INFO - 应用程序启动完成
2025-08-18 00:52:56,932 - __main__ - INFO - winloop 已启用
2025-08-18 00:52:56,954 - config.config_manager - INFO - 已加载用户配置文件: config.json
2025-08-18 00:52:57,385 - ui.scope_view - INFO - 示波器视图已初始化: 10通道
2025-08-18 00:52:57,412 - data.data_buffer - INFO - 环形缓冲区已初始化: 10通道, 最大样本数: 26,843,545, 内存使用: 1024.0MB
2025-08-18 00:53:01,267 - __main__ - INFO - 主窗口初始化完成
2025-08-18 00:53:09,303 - __main__ - INFO - winloop 已启用
2025-08-18 00:53:09,325 - config.config_manager - INFO - 已加载用户配置文件: config.json
2025-08-18 00:53:09,768 - ui.scope_view - INFO - 示波器视图已初始化: 10通道
2025-08-18 00:53:09,799 - data.data_buffer - INFO - 环形缓冲区已初始化: 10通道, 最大样本数: 26,843,545, 内存使用: 1024.0MB
2025-08-18 00:53:41,785 - __main__ - INFO - 主窗口初始化完成
2025-08-18 00:53:42,201 - communication.udp_receiver - INFO - UDP接收器已启动，实际绑定地址: ('127.0.0.1', 8888)
2025-08-18 00:53:42,201 - communication.udp_receiver - INFO - Socket详细信息: AF_INET, type=2, proto=0
2025-08-18 00:53:42,202 - communication.udp_receiver - INFO - UDP接收器已启动，监听 localhost:8888
2025-08-18 00:53:42,202 - __main__ - INFO - 应用程序启动完成
2025-08-18 01:00:24,284 - __main__ - INFO - winloop 已启用
2025-08-18 01:00:24,309 - config.config_manager - INFO - 已加载用户配置文件: config.json
2025-08-18 01:00:24,755 - ui.scope_view - INFO - 示波器视图已初始化: 10通道
2025-08-18 01:00:24,782 - data.data_buffer - INFO - 环形缓冲区已初始化: 10通道, 最大样本数: 26,843,545, 内存使用: 1024.0MB
2025-08-18 01:00:25,388 - __main__ - INFO - 主窗口初始化完成
2025-08-18 01:00:25,786 - communication.udp_receiver - INFO - UDP接收器已启动，实际绑定地址: ('127.0.0.1', 8888)
2025-08-18 01:00:25,787 - communication.udp_receiver - INFO - Socket详细信息: AF_INET, type=2, proto=0
2025-08-18 01:00:25,787 - communication.udp_receiver - INFO - UDP接收器已启动，监听 localhost:8888
2025-08-18 01:00:25,787 - __main__ - INFO - 应用程序启动完成
2025-08-18 01:00:27,361 - communication.protocol - WARNING - CRC校验失败，序号: 37303
2025-08-18 01:01:47,993 - __main__ - INFO - winloop 已启用
2025-08-18 01:01:48,016 - config.config_manager - INFO - 已加载用户配置文件: config.json
2025-08-18 01:01:48,521 - ui.scope_view - INFO - 示波器视图已初始化: 10通道
2025-08-18 01:01:48,552 - data.data_buffer - INFO - 环形缓冲区已初始化: 10通道, 最大样本数: 26,843,545, 内存使用: 1024.0MB
2025-08-18 01:01:49,947 - __main__ - INFO - 主窗口初始化完成
2025-08-18 01:01:50,374 - communication.udp_receiver - INFO - UDP接收器已启动，实际绑定地址: ('127.0.0.1', 8888)
2025-08-18 01:01:50,375 - communication.udp_receiver - INFO - Socket详细信息: AF_INET, type=2, proto=0
2025-08-18 01:01:50,375 - communication.udp_receiver - INFO - UDP接收器已启动，监听 localhost:8888
2025-08-18 01:01:50,375 - __main__ - INFO - 应用程序启动完成
2025-08-18 01:02:11,255 - __main__ - INFO - 收到配置数据: {'packet_type': 244, 'kp': 1.0, 'ki': 0.10000000149011612, 'kd': 0.009999999776482582, 'kp1': 1.0, 'ki1': 0.10000000149011612, 'kd1': 0.009999999776482582}
2025-08-18 01:02:12,432 - __main__ - INFO - 收到配置数据: {'packet_type': 244, 'kp': 1.0, 'ki': 0.10000000149011612, 'kd': 0.009999999776482582, 'kp1': 1.0, 'ki1': 0.10000000149011612, 'kd1': 0.009999999776482582}
2025-08-18 01:02:16,131 - __main__ - INFO - 收到配置数据: {'packet_type': 244, 'kp': 1.0, 'ki': 0.10000000149011612, 'kd': 0.009999999776482582, 'kp1': 1.0, 'ki1': 0.10000000149011612, 'kd1': 0.009999999776482582}
2025-08-18 01:02:18,827 - __main__ - INFO - 收到配置数据: {'packet_type': 244, 'kp': 1.0, 'ki': 0.10000000149011612, 'kd': 0.009999999776482582, 'kp1': 1.0, 'ki1': 0.10000000149011612, 'kd1': 0.009999999776482582}
2025-08-18 01:02:21,875 - __main__ - INFO - 收到配置数据: {'packet_type': 244, 'kp': 1.0, 'ki': 0.10000000149011612, 'kd': 0.009999999776482582, 'kp1': 1.0, 'ki1': 0.10000000149011612, 'kd1': 0.009999999776482582}
2025-08-18 01:02:24,042 - __main__ - INFO - 收到配置数据: {'packet_type': 244, 'kp': 1.0, 'ki': 0.10000000149011612, 'kd': 0.009999999776482582, 'kp1': 1.0, 'ki1': 0.10000000149011612, 'kd1': 0.009999999776482582}
2025-08-18 01:02:26,446 - __main__ - INFO - 收到配置数据: {'packet_type': 244, 'kp': 1.0, 'ki': 0.10000000149011612, 'kd': 0.009999999776482582, 'kp1': 1.0, 'ki1': 0.10000000149011612, 'kd1': 0.009999999776482582}
2025-08-18 01:02:28,726 - __main__ - INFO - 收到配置数据: {'packet_type': 244, 'kp': 1.0, 'ki': 0.10000000149011612, 'kd': 0.009999999776482582, 'kp1': 1.0, 'ki1': 0.10000000149011612, 'kd1': 0.009999999776482582}
2025-08-18 01:02:33,166 - __main__ - INFO - 收到配置数据: {'packet_type': 244, 'kp': 1.0, 'ki': 0.10000000149011612, 'kd': 0.009999999776482582, 'kp1': 1.0, 'ki1': 0.10000000149011612, 'kd1': 0.009999999776482582}
2025-08-18 01:02:38,191 - __main__ - INFO - 收到配置数据: {'packet_type': 244, 'kp': 1.0, 'ki': 0.10000000149011612, 'kd': 0.009999999776482582, 'kp1': 1.0, 'ki1': 0.10000000149011612, 'kd1': 0.009999999776482582}
2025-08-18 01:02:43,168 - __main__ - INFO - 收到配置数据: {'packet_type': 244, 'kp': 1.0, 'ki': 0.10000000149011612, 'kd': 0.009999999776482582, 'kp1': 1.0, 'ki1': 0.10000000149011612, 'kd1': 0.009999999776482582}
2025-08-18 01:02:48,181 - __main__ - INFO - 收到配置数据: {'packet_type': 244, 'kp': 1.0, 'ki': 0.10000000149011612, 'kd': 0.009999999776482582, 'kp1': 1.0, 'ki1': 0.10000000149011612, 'kd1': 0.009999999776482582}
2025-08-18 01:02:53,182 - __main__ - INFO - 收到配置数据: {'packet_type': 244, 'kp': 1.0, 'ki': 0.10000000149011612, 'kd': 0.009999999776482582, 'kp1': 1.0, 'ki1': 0.10000000149011612, 'kd1': 0.009999999776482582}
2025-08-18 01:02:54,273 - config.config_manager - INFO - 已加载用户配置文件: config.json
2025-08-18 01:02:54,275 - __main__ - INFO - 配置已重新加载
2025-08-18 01:02:58,176 - __main__ - INFO - 收到配置数据: {'packet_type': 244, 'kp': 1.0, 'ki': 0.10000000149011612, 'kd': 0.009999999776482582, 'kp1': 1.0, 'ki1': 0.10000000149011612, 'kd1': 0.009999999776482582}
2025-08-18 01:03:03,155 - __main__ - INFO - 收到配置数据: {'packet_type': 244, 'kp': 1.0, 'ki': 0.10000000149011612, 'kd': 0.009999999776482582, 'kp1': 1.0, 'ki1': 0.10000000149011612, 'kd1': 0.009999999776482582}
2025-08-18 01:03:08,162 - __main__ - INFO - 收到配置数据: {'packet_type': 244, 'kp': 1.0, 'ki': 0.10000000149011612, 'kd': 0.009999999776482582, 'kp1': 1.0, 'ki1': 0.10000000149011612, 'kd1': 0.009999999776482582}
2025-08-18 01:03:13,170 - __main__ - INFO - 收到配置数据: {'packet_type': 244, 'kp': 1.0, 'ki': 0.10000000149011612, 'kd': 0.009999999776482582, 'kp1': 1.0, 'ki1': 0.10000000149011612, 'kd1': 0.009999999776482582}
2025-08-18 01:03:18,166 - __main__ - INFO - 收到配置数据: {'packet_type': 244, 'kp': 1.0, 'ki': 0.10000000149011612, 'kd': 0.009999999776482582, 'kp1': 1.0, 'ki1': 0.10000000149011612, 'kd1': 0.009999999776482582}
2025-08-18 01:03:23,153 - __main__ - INFO - 收到配置数据: {'packet_type': 244, 'kp': 1.0, 'ki': 0.10000000149011612, 'kd': 0.009999999776482582, 'kp1': 1.0, 'ki1': 0.10000000149011612, 'kd1': 0.009999999776482582}
2025-08-18 01:03:28,151 - __main__ - INFO - 收到配置数据: {'packet_type': 244, 'kp': 1.0, 'ki': 0.10000000149011612, 'kd': 0.009999999776482582, 'kp1': 1.0, 'ki1': 0.10000000149011612, 'kd1': 0.009999999776482582}
2025-08-18 01:03:33,157 - __main__ - INFO - 收到配置数据: {'packet_type': 244, 'kp': 1.0, 'ki': 0.10000000149011612, 'kd': 0.009999999776482582, 'kp1': 1.0, 'ki1': 0.10000000149011612, 'kd1': 0.009999999776482582}
2025-08-18 01:03:38,158 - __main__ - INFO - 收到配置数据: {'packet_type': 244, 'kp': 1.0, 'ki': 0.10000000149011612, 'kd': 0.009999999776482582, 'kp1': 1.0, 'ki1': 0.10000000149011612, 'kd1': 0.009999999776482582}
2025-08-18 01:03:43,172 - __main__ - INFO - 收到配置数据: {'packet_type': 244, 'kp': 1.0, 'ki': 0.10000000149011612, 'kd': 0.009999999776482582, 'kp1': 1.0, 'ki1': 0.10000000149011612, 'kd1': 0.009999999776482582}
2025-08-18 01:03:48,163 - __main__ - INFO - 收到配置数据: {'packet_type': 244, 'kp': 1.0, 'ki': 0.10000000149011612, 'kd': 0.009999999776482582, 'kp1': 1.0, 'ki1': 0.10000000149011612, 'kd1': 0.009999999776482582}
2025-08-18 01:03:53,175 - __main__ - INFO - 收到配置数据: {'packet_type': 244, 'kp': 1.0, 'ki': 0.10000000149011612, 'kd': 0.009999999776482582, 'kp1': 1.0, 'ki1': 0.10000000149011612, 'kd1': 0.009999999776482582}
2025-08-18 01:03:58,169 - __main__ - INFO - 收到配置数据: {'packet_type': 244, 'kp': 1.0, 'ki': 0.10000000149011612, 'kd': 0.009999999776482582, 'kp1': 1.0, 'ki1': 0.10000000149011612, 'kd1': 0.009999999776482582}
2025-08-18 01:04:03,159 - __main__ - INFO - 收到配置数据: {'packet_type': 244, 'kp': 1.0, 'ki': 0.10000000149011612, 'kd': 0.009999999776482582, 'kp1': 1.0, 'ki1': 0.10000000149011612, 'kd1': 0.009999999776482582}
2025-08-18 01:04:08,163 - __main__ - INFO - 收到配置数据: {'packet_type': 244, 'kp': 1.0, 'ki': 0.10000000149011612, 'kd': 0.009999999776482582, 'kp1': 1.0, 'ki1': 0.10000000149011612, 'kd1': 0.009999999776482582}
2025-08-18 01:04:13,155 - __main__ - INFO - 收到配置数据: {'packet_type': 244, 'kp': 1.0, 'ki': 0.10000000149011612, 'kd': 0.009999999776482582, 'kp1': 1.0, 'ki1': 0.10000000149011612, 'kd1': 0.009999999776482582}
2025-08-18 01:04:18,164 - __main__ - INFO - 收到配置数据: {'packet_type': 244, 'kp': 1.0, 'ki': 0.10000000149011612, 'kd': 0.009999999776482582, 'kp1': 1.0, 'ki1': 0.10000000149011612, 'kd1': 0.009999999776482582}
2025-08-18 01:04:18,867 - __main__ - INFO - 自动滚动已暂停
2025-08-18 01:04:21,452 - __main__ - INFO - 自动滚动已启用
2025-08-18 01:04:23,161 - __main__ - INFO - 收到配置数据: {'packet_type': 244, 'kp': 1.0, 'ki': 0.10000000149011612, 'kd': 0.009999999776482582, 'kp1': 1.0, 'ki1': 0.10000000149011612, 'kd1': 0.009999999776482582}
2025-08-18 01:04:25,796 - __main__ - INFO - 自动滚动已暂停
2025-08-18 01:04:27,033 - __main__ - INFO - 自动滚动已启用
2025-08-18 01:04:28,171 - __main__ - INFO - 收到配置数据: {'packet_type': 244, 'kp': 1.0, 'ki': 0.10000000149011612, 'kd': 0.009999999776482582, 'kp1': 1.0, 'ki1': 0.10000000149011612, 'kd1': 0.009999999776482582}
2025-08-18 01:04:33,175 - __main__ - INFO - 收到配置数据: {'packet_type': 244, 'kp': 1.0, 'ki': 0.10000000149011612, 'kd': 0.009999999776482582, 'kp1': 1.0, 'ki1': 0.10000000149011612, 'kd1': 0.009999999776482582}
2025-08-18 01:04:34,909 - __main__ - INFO - 自动滚动已暂停
2025-08-18 01:04:36,933 - __main__ - INFO - 自动滚动已启用
2025-08-18 01:04:38,168 - __main__ - INFO - 收到配置数据: {'packet_type': 244, 'kp': 1.0, 'ki': 0.10000000149011612, 'kd': 0.009999999776482582, 'kp1': 1.0, 'ki1': 0.10000000149011612, 'kd1': 0.009999999776482582}
2025-08-18 01:04:43,170 - __main__ - INFO - 收到配置数据: {'packet_type': 244, 'kp': 1.0, 'ki': 0.10000000149011612, 'kd': 0.009999999776482582, 'kp1': 1.0, 'ki1': 0.10000000149011612, 'kd1': 0.009999999776482582}
2025-08-18 01:04:48,169 - __main__ - INFO - 收到配置数据: {'packet_type': 244, 'kp': 1.0, 'ki': 0.10000000149011612, 'kd': 0.009999999776482582, 'kp1': 1.0, 'ki1': 0.10000000149011612, 'kd1': 0.009999999776482582}
2025-08-18 01:04:53,164 - __main__ - INFO - 收到配置数据: {'packet_type': 244, 'kp': 1.0, 'ki': 0.10000000149011612, 'kd': 0.009999999776482582, 'kp1': 1.0, 'ki1': 0.10000000149011612, 'kd1': 0.009999999776482582}
2025-08-18 01:04:58,164 - __main__ - INFO - 收到配置数据: {'packet_type': 244, 'kp': 1.0, 'ki': 0.10000000149011612, 'kd': 0.009999999776482582, 'kp1': 1.0, 'ki1': 0.10000000149011612, 'kd1': 0.009999999776482582}
2025-08-18 01:05:03,174 - __main__ - INFO - 收到配置数据: {'packet_type': 244, 'kp': 1.0, 'ki': 0.10000000149011612, 'kd': 0.009999999776482582, 'kp1': 1.0, 'ki1': 0.10000000149011612, 'kd1': 0.009999999776482582}
2025-08-18 01:05:08,163 - __main__ - INFO - 收到配置数据: {'packet_type': 244, 'kp': 1.0, 'ki': 0.10000000149011612, 'kd': 0.009999999776482582, 'kp1': 1.0, 'ki1': 0.10000000149011612, 'kd1': 0.009999999776482582}
2025-08-18 01:05:13,161 - __main__ - INFO - 收到配置数据: {'packet_type': 244, 'kp': 1.0, 'ki': 0.10000000149011612, 'kd': 0.009999999776482582, 'kp1': 1.0, 'ki1': 0.10000000149011612, 'kd1': 0.009999999776482582}
2025-08-18 01:05:18,167 - __main__ - INFO - 收到配置数据: {'packet_type': 244, 'kp': 1.0, 'ki': 0.10000000149011612, 'kd': 0.009999999776482582, 'kp1': 1.0, 'ki1': 0.10000000149011612, 'kd1': 0.009999999776482582}
2025-08-18 01:05:23,165 - __main__ - INFO - 收到配置数据: {'packet_type': 244, 'kp': 1.0, 'ki': 0.10000000149011612, 'kd': 0.009999999776482582, 'kp1': 1.0, 'ki1': 0.10000000149011612, 'kd1': 0.009999999776482582}
2025-08-18 01:05:28,173 - __main__ - INFO - 收到配置数据: {'packet_type': 244, 'kp': 1.0, 'ki': 0.10000000149011612, 'kd': 0.009999999776482582, 'kp1': 1.0, 'ki1': 0.10000000149011612, 'kd1': 0.009999999776482582}
2025-08-18 01:05:33,166 - __main__ - INFO - 收到配置数据: {'packet_type': 244, 'kp': 1.0, 'ki': 0.10000000149011612, 'kd': 0.009999999776482582, 'kp1': 1.0, 'ki1': 0.10000000149011612, 'kd1': 0.009999999776482582}
2025-08-18 01:05:38,158 - __main__ - INFO - 收到配置数据: {'packet_type': 244, 'kp': 1.0, 'ki': 0.10000000149011612, 'kd': 0.009999999776482582, 'kp1': 1.0, 'ki1': 0.10000000149011612, 'kd1': 0.009999999776482582}
2025-08-18 01:05:43,181 - __main__ - INFO - 收到配置数据: {'packet_type': 244, 'kp': 1.0, 'ki': 0.10000000149011612, 'kd': 0.009999999776482582, 'kp1': 1.0, 'ki1': 0.10000000149011612, 'kd1': 0.009999999776482582}
2025-08-18 01:05:48,163 - __main__ - INFO - 收到配置数据: {'packet_type': 244, 'kp': 1.0, 'ki': 0.10000000149011612, 'kd': 0.009999999776482582, 'kp1': 1.0, 'ki1': 0.10000000149011612, 'kd1': 0.009999999776482582}
2025-08-18 01:05:52,149 - __main__ - INFO - winloop 已启用
2025-08-18 01:05:52,166 - config.config_manager - INFO - 已加载用户配置文件: config.json
2025-08-18 01:05:52,575 - ui.scope_view - INFO - 示波器视图已初始化: 10通道
2025-08-18 01:05:52,619 - data.data_buffer - INFO - 环形缓冲区已初始化: 10通道, 最大样本数: 26,843,545, 内存使用: 1024.0MB
2025-08-18 01:05:52,620 - __main__ - INFO - 主窗口初始化完成
2025-08-18 01:05:53,028 - communication.udp_receiver - INFO - UDP接收器已启动，实际绑定地址: ('127.0.0.1', 8888)
2025-08-18 01:05:53,028 - communication.udp_receiver - INFO - Socket详细信息: AF_INET, type=2, proto=0
2025-08-18 01:05:53,028 - communication.udp_receiver - INFO - UDP接收器已启动，监听 localhost:8888
2025-08-18 01:05:53,028 - __main__ - INFO - 应用程序启动完成
2025-08-18 01:05:53,167 - __main__ - INFO - 收到配置数据: {'packet_type': 244, 'kp': 1.0, 'ki': 0.10000000149011612, 'kd': 0.009999999776482582, 'kp1': 1.0, 'ki1': 0.10000000149011612, 'kd1': 0.009999999776482582}
2025-08-18 01:05:58,162 - __main__ - INFO - 收到配置数据: {'packet_type': 244, 'kp': 1.0, 'ki': 0.10000000149011612, 'kd': 0.009999999776482582, 'kp1': 1.0, 'ki1': 0.10000000149011612, 'kd1': 0.009999999776482582}
2025-08-18 01:06:00,946 - __main__ - INFO - 自动滚动已暂停
2025-08-18 01:06:01,348 - __main__ - INFO - 自动滚动已启用
2025-08-18 01:06:03,166 - __main__ - INFO - 收到配置数据: {'packet_type': 244, 'kp': 1.0, 'ki': 0.10000000149011612, 'kd': 0.009999999776482582, 'kp1': 1.0, 'ki1': 0.10000000149011612, 'kd1': 0.009999999776482582}
2025-08-18 01:06:05,013 - __main__ - INFO - 自动滚动已暂停
2025-08-18 01:06:07,733 - __main__ - INFO - 自动滚动已启用
2025-08-18 01:06:08,158 - __main__ - INFO - 收到配置数据: {'packet_type': 244, 'kp': 1.0, 'ki': 0.10000000149011612, 'kd': 0.009999999776482582, 'kp1': 1.0, 'ki1': 0.10000000149011612, 'kd1': 0.009999999776482582}
2025-08-18 01:06:13,174 - __main__ - INFO - 收到配置数据: {'packet_type': 244, 'kp': 1.0, 'ki': 0.10000000149011612, 'kd': 0.009999999776482582, 'kp1': 1.0, 'ki1': 0.10000000149011612, 'kd1': 0.009999999776482582}
2025-08-18 01:11:27,443 - config.config_manager - INFO - 配置文件已保存: config.json
2025-08-18 01:11:27,445 - __main__ - INFO - 应用程序正常退出
2025-08-18 01:11:27,479 - communication.udp_receiver - INFO - UDP接收器已停止
2025-08-18 10:03:35,809 - __main__ - INFO - winloop 已启用
2025-08-18 10:03:35,845 - config.config_manager - INFO - 已加载用户配置文件: config.json
2025-08-18 10:03:36,253 - ui.scope_view - INFO - 示波器视图已初始化: 10通道
2025-08-18 10:03:36,281 - data.data_buffer - INFO - 环形缓冲区已初始化: 10通道, 最大样本数: 26,843,545, 内存使用: 1024.0MB
2025-08-18 10:03:36,282 - __main__ - INFO - 主窗口初始化完成
2025-08-18 10:03:36,669 - communication.udp_receiver - INFO - UDP接收器已启动，实际绑定地址: ('127.0.0.1', 8888)
2025-08-18 10:03:36,669 - communication.udp_receiver - INFO - Socket详细信息: AF_INET, type=2, proto=0
2025-08-18 10:03:36,669 - communication.udp_receiver - INFO - UDP接收器已启动，监听 localhost:8888
2025-08-18 10:03:36,669 - __main__ - INFO - 应用程序启动完成
2025-08-18 14:24:40,460 - config.config_manager - INFO - 配置文件已保存: config.json
2025-08-18 14:24:40,460 - __main__ - INFO - 应用程序正常退出
2025-08-18 14:24:40,502 - communication.udp_receiver - INFO - UDP接收器已停止
